Archive member included to satisfy reference by file (symbol)

c:/users/tbarnes/documents/embedded wizard/stm32f7/gcc-arm-none-eabi/5.3 2016q1/bin/../lib/gcc/arm-none-eabi/5.3.1/../../../../arm-none-eabi/lib/armv7e-m\libm.a(lib_a-w_sqrt.o)
                              ..\obj\main.o (sqrt)
c:/users/tbarnes/documents/embedded wizard/stm32f7/gcc-arm-none-eabi/5.3 2016q1/bin/../lib/gcc/arm-none-eabi/5.3.1/../../../../arm-none-eabi/lib/armv7e-m\libm.a(lib_a-wf_atan2.o)
                              ..\obj\main.o (atan2f)
c:/users/tbarnes/documents/embedded wizard/stm32f7/gcc-arm-none-eabi/5.3 2016q1/bin/../lib/gcc/arm-none-eabi/5.3.1/../../../../arm-none-eabi/lib/armv7e-m\libm.a(lib_a-e_sqrt.o)
                              c:/users/tbarnes/documents/embedded wizard/stm32f7/gcc-arm-none-eabi/5.3 2016q1/bin/../lib/gcc/arm-none-eabi/5.3.1/../../../../arm-none-eabi/lib/armv7e-m\libm.a(lib_a-w_sqrt.o) (__ieee754_sqrt)
c:/users/tbarnes/documents/embedded wizard/stm32f7/gcc-arm-none-eabi/5.3 2016q1/bin/../lib/gcc/arm-none-eabi/5.3.1/../../../../arm-none-eabi/lib/armv7e-m\libm.a(lib_a-ef_atan2.o)
                              c:/users/tbarnes/documents/embedded wizard/stm32f7/gcc-arm-none-eabi/5.3 2016q1/bin/../lib/gcc/arm-none-eabi/5.3.1/../../../../arm-none-eabi/lib/armv7e-m\libm.a(lib_a-wf_atan2.o) (__ieee754_atan2f)
c:/users/tbarnes/documents/embedded wizard/stm32f7/gcc-arm-none-eabi/5.3 2016q1/bin/../lib/gcc/arm-none-eabi/5.3.1/../../../../arm-none-eabi/lib/armv7e-m\libm.a(lib_a-s_lib_ver.o)
                              c:/users/tbarnes/documents/embedded wizard/stm32f7/gcc-arm-none-eabi/5.3 2016q1/bin/../lib/gcc/arm-none-eabi/5.3.1/../../../../arm-none-eabi/lib/armv7e-m\libm.a(lib_a-w_sqrt.o) (__fdlib_version)
c:/users/tbarnes/documents/embedded wizard/stm32f7/gcc-arm-none-eabi/5.3 2016q1/bin/../lib/gcc/arm-none-eabi/5.3.1/../../../../arm-none-eabi/lib/armv7e-m\libm.a(lib_a-s_matherr.o)
                              c:/users/tbarnes/documents/embedded wizard/stm32f7/gcc-arm-none-eabi/5.3 2016q1/bin/../lib/gcc/arm-none-eabi/5.3.1/../../../../arm-none-eabi/lib/armv7e-m\libm.a(lib_a-w_sqrt.o) (matherr)
c:/users/tbarnes/documents/embedded wizard/stm32f7/gcc-arm-none-eabi/5.3 2016q1/bin/../lib/gcc/arm-none-eabi/5.3.1/../../../../arm-none-eabi/lib/armv7e-m\libm.a(lib_a-sf_atan.o)
                              c:/users/tbarnes/documents/embedded wizard/stm32f7/gcc-arm-none-eabi/5.3 2016q1/bin/../lib/gcc/arm-none-eabi/5.3.1/../../../../arm-none-eabi/lib/armv7e-m\libm.a(lib_a-ef_atan2.o) (atanf)
c:/users/tbarnes/documents/embedded wizard/stm32f7/gcc-arm-none-eabi/5.3 2016q1/bin/../lib/gcc/arm-none-eabi/5.3.1/../../../../arm-none-eabi/lib/armv7e-m\libm.a(lib_a-sf_fabs.o)
                              c:/users/tbarnes/documents/embedded wizard/stm32f7/gcc-arm-none-eabi/5.3 2016q1/bin/../lib/gcc/arm-none-eabi/5.3.1/../../../../arm-none-eabi/lib/armv7e-m\libm.a(lib_a-ef_atan2.o) (fabsf)
c:/users/tbarnes/documents/embedded wizard/stm32f7/gcc-arm-none-eabi/5.3 2016q1/bin/../lib/gcc/arm-none-eabi/5.3.1/armv7e-m\libgcc.a(_arm_addsubdf3.o)
                              ..\obj\main.o (__aeabi_dsub)
c:/users/tbarnes/documents/embedded wizard/stm32f7/gcc-arm-none-eabi/5.3 2016q1/bin/../lib/gcc/arm-none-eabi/5.3.1/armv7e-m\libgcc.a(_arm_muldivdf3.o)
                              ..\obj\main.o (__aeabi_dmul)
c:/users/tbarnes/documents/embedded wizard/stm32f7/gcc-arm-none-eabi/5.3 2016q1/bin/../lib/gcc/arm-none-eabi/5.3.1/armv7e-m\libgcc.a(_arm_cmpdf2.o)
                              c:/users/tbarnes/documents/embedded wizard/stm32f7/gcc-arm-none-eabi/5.3 2016q1/bin/../lib/gcc/arm-none-eabi/5.3.1/../../../../arm-none-eabi/lib/armv7e-m\libm.a(lib_a-w_sqrt.o) (__aeabi_dcmplt)
c:/users/tbarnes/documents/embedded wizard/stm32f7/gcc-arm-none-eabi/5.3 2016q1/bin/../lib/gcc/arm-none-eabi/5.3.1/armv7e-m\libgcc.a(_arm_unorddf2.o)
                              c:/users/tbarnes/documents/embedded wizard/stm32f7/gcc-arm-none-eabi/5.3 2016q1/bin/../lib/gcc/arm-none-eabi/5.3.1/../../../../arm-none-eabi/lib/armv7e-m\libm.a(lib_a-w_sqrt.o) (__aeabi_dcmpun)
c:/users/tbarnes/documents/embedded wizard/stm32f7/gcc-arm-none-eabi/5.3 2016q1/bin/../lib/gcc/arm-none-eabi/5.3.1/armv7e-m\libgcc.a(_arm_fixdfsi.o)
                              ..\obj\BLDC_Control.o (__aeabi_d2iz)
c:/users/tbarnes/documents/embedded wizard/stm32f7/gcc-arm-none-eabi/5.3 2016q1/bin/../lib/gcc/arm-none-eabi/5.3.1/armv7e-m\libgcc.a(_arm_fixunsdfsi.o)
                              ..\obj\main.o (__aeabi_d2uiz)
c:/users/tbarnes/documents/embedded wizard/stm32f7/gcc-arm-none-eabi/5.3 2016q1/bin/../lib/gcc/arm-none-eabi/5.3.1/armv7e-m\libgcc.a(_arm_truncdfsf2.o)
                              ..\obj\main.o (__aeabi_d2f)
c:/users/tbarnes/documents/embedded wizard/stm32f7/gcc-arm-none-eabi/5.3 2016q1/bin/../lib/gcc/arm-none-eabi/5.3.1/armv7e-m\libgcc.a(_arm_addsubsf3.o)
                              ..\obj\main.o (__aeabi_fsub)
[...]
Memory Configuration

Name             Origin             Length             Attributes
rom              0x08000000         0x00040000         xr
ram              0x20000000         0x0000a000         xrw
ram1             0x10000000         0x00002000         xrw
*default*        0x00000000         0xffffffff

Linker script and memory map

                0x2000a000                _eram = 0x2000a000

.text           0x08000000     0x6444
 *(.isr_vector)
 .isr_vector    0x08000000      0x188 ..\obj\startup_stm32f303.o
                0x08000000                g_pfnVectors
 *(.text*)
 .text.Standard_GetDescriptorData
                0x08000188       0x48 ..\obj\usb_core.o
                0x08000188                Standard_GetDescriptorData
 .text.SetDeviceAddress
                0x080001d0       0x78 ..\obj\usb_core.o
                0x080001d0                SetDeviceAddress
 .text.NOP_Process
                0x08000248        0xc ..\obj\usb_core.o
                0x08000248                NOP_Process
 .text.Default_Reset_Handler
                0x08000254       0x5c ..\obj\startup_stm32f303.o
                0x08000254                Default_Reset_Handler
                0x08000254                Reset_Handler
 .text.Default_Handler
                0x080002b0        0x8 ..\obj\startup_stm32f303.o
                0x080002b0                RTC_Alarm_IRQHandler
                0x080002b0                HASH_RNG_IRQHandler
                0x080002b0                TIM1_CC_IRQHandler
                0x080002b0                DMA2_Stream5_IRQHandler
                0x080002b0                DMA1_Stream5_IRQHandler
                0x080002b0                PVD_IRQHandler
                0x080002b0                SDIO_IRQHandler
                0x080002b0                TAMP_STAMP_IRQHandler
                0x080002b0                CAN2_RX1_IRQHandler
                0x080002b0                TIM8_TRG_COM_TIM14_IRQHandler
                0x080002b0                TIM1_UP_TIM10_IRQHandler
                0x080002b0                TIM8_UP_TIM13_IRQHandler
                0x080002b0                I2C3_ER_IRQHandler
                0x080002b0                I2C2_EV_IRQHandler
                0x080002b0                DMA1_Stream2_IRQHandler
                0x080002b0                CAN1_RX0_IRQHandler
                0x080002b0                FPU_IRQHandler
                0x080002b0                OTG_HS_WKUP_IRQHandler
                0x080002b0                CAN2_SCE_IRQHandler
                0x080002b0                DMA2_Stream2_IRQHandler
                0x080002b0                SPI1_IRQHandler
                0x080002b0                TIM6_DAC_IRQHandler
                0x080002b0                TIM1_BRK_TIM9_IRQHandler
                0x080002b0                DCMI_IRQHandler
                0x080002b0                CAN2_RX0_IRQHandler
                0x080002b0                DMA2_Stream3_IRQHandler
                0x080002b0                USART6_IRQHandler
                0x080002b0                CRYP_IRQHandler
                0x080002b0                CAN1_RX1_IRQHandler
                0x080002b0                UART5_IRQHandler
                0x080002b0                DMA2_Stream0_IRQHandler
                0x080002b0                I2C1_EV_IRQHandler
                0x080002b0                DMA1_Stream6_IRQHandler
                0x080002b0                DMA1_Stream1_IRQHandler
                0x080002b0                UART4_IRQHandler
                0x080002b0                RCC_IRQHandler
                0x080002b0                TIM8_BRK_TIM12_IRQHandler
                0x080002b0                EXTI15_10_IRQHandler
                0x080002b0                ADC_IRQHandler
                0x080002b0                DMA1_Stream7_IRQHandler
                0x080002b0                TIM7_IRQHandler
                0x080002b0                CAN2_TX_IRQHandler
                0x080002b0                TIM5_IRQHandler
                0x080002b0                DMA2_Stream7_IRQHandler
                0x080002b0                I2C3_EV_IRQHandler
                0x080002b0                EXTI9_5_IRQHandler
                0x080002b0                RTC_WKUP_IRQHandler
                0x080002b0                ETH_WKUP_IRQHandler
                0x080002b0                SPI2_IRQHandler
                0x080002b0                OTG_HS_EP1_IN_IRQHandler
                0x080002b0                DMA1_Stream0_IRQHandler
                0x080002b0                CAN1_TX_IRQHandler
                0x080002b0                FSMC_IRQHandler
                0x080002b0                ETH_IRQHandler
                0x080002b0                OTG_HS_EP1_OUT_IRQHandler
                0x080002b0                WWDG_IRQHandler
                0x080002b0                OTG_FS_WKUP_IRQHandler
                0x080002b0                TIM1_TRG_COM_TIM11_IRQHandler
                0x080002b0                OTG_HS_IRQHandler
                0x080002b0                USART2_IRQHandler
                0x080002b0                I2C2_ER_IRQHandler
                0x080002b0                DMA2_Stream1_IRQHandler
                0x080002b0                CAN1_SCE_IRQHandler
                0x080002b0                FLASH_IRQHandler
                0x080002b0                DMA2_Stream4_IRQHandler
                0x080002b0                OTG_FS_IRQHandler
                0x080002b0                SPI3_IRQHandler
                0x080002b0                DMA1_Stream4_IRQHandler
                0x080002b0                I2C1_ER_IRQHandler
                0x080002b0                DMA2_Stream6_IRQHandler
                0x080002b0                DMA1_Stream3_IRQHandler
 .text.RCC_GetClocksFreq
                0x080002b8      0x414 ..\obj\stm32f30x_rcc.o
                0x080002b8                RCC_GetClocksFreq
 .text.RCC_USBCLKConfig
                0x080006cc       0x1c ..\obj\stm32f30x_rcc.o
                0x080006cc                RCC_USBCLKConfig
 .text.RCC_AHBPeriphClockCmd
                0x080006e8       0x3c ..\obj\stm32f30x_rcc.o
                0x080006e8                RCC_AHBPeriphClockCmd
 .text.RCC_APB2PeriphClockCmd
                0x08000724       0x3c ..\obj\stm32f30x_rcc.o
                0x08000724                RCC_APB2PeriphClockCmd
 .text.RCC_APB1PeriphClockCmd
                0x08000760       0x3c ..\obj\stm32f30x_rcc.o
                0x08000760                RCC_APB1PeriphClockCmd
 .text.RCC_APB2PeriphResetCmd
                0x0800079c       0x3c ..\obj\stm32f30x_rcc.o
                0x0800079c                RCC_APB2PeriphResetCmd
 .text.RCC_APB1PeriphResetCmd
                0x080007d8       0x3c ..\obj\stm32f30x_rcc.o
                0x080007d8                RCC_APB1PeriphResetCmd
 .text.LSM303DLHC_AccInit
                0x08000814       0x78 ..\obj\stm32f3_discovery_lsm303dlhc.o
                0x08000814                LSM303DLHC_AccInit
 .text.LSM303DLHC_AccFilterConfig
                0x0800088c       0x5c ..\obj\stm32f3_discovery_lsm303dlhc.o
                0x0800088c                LSM303DLHC_AccFilterConfig
 .text.LSM303DLHC_MagInit
                0x080008e8       0x78 ..\obj\stm32f3_discovery_lsm303dlhc.o
                0x080008e8                LSM303DLHC_MagInit
 .text.LSM303DLHC_Write
                0x08000960      0x15c ..\obj\stm32f3_discovery_lsm303dlhc.o
                0x08000960                LSM303DLHC_Write
 .text.LSM303DLHC_Read
                0x08000abc      0x188 ..\obj\stm32f3_discovery_lsm303dlhc.o
                0x08000abc                LSM303DLHC_Read
 .text.LSM303DLHC_LowLevel_Init
                0x08000c44      0x154 ..\obj\stm32f3_discovery_lsm303dlhc.o
 .text.SetBTABLE
                0x08000d98       0x24 ..\obj\usb_regs.o
                0x08000d98                SetBTABLE
 .text.SetEPType
                0x08000dbc       0x4c ..\obj\usb_regs.o
                0x08000dbc                SetEPType
 .text.SetEPTxStatus
                0x08000e08       0x70 ..\obj\usb_regs.o
                0x08000e08                SetEPTxStatus
 .text.SetEPRxStatus
                0x08000e78       0x70 ..\obj\usb_regs.o
                0x08000e78                SetEPRxStatus
 .text.SetEPRxValid
                0x08000ee8       0x54 ..\obj\usb_regs.o
                0x08000ee8                SetEPRxValid
 .text.Clear_Status_Out
                0x08000f3c       0x48 ..\obj\usb_regs.o
                0x08000f3c                Clear_Status_Out
 .text.SetEPTxAddr
                0x08000f84       0x40 ..\obj\usb_regs.o
                0x08000f84                SetEPTxAddr
 .text.SetEPRxAddr
                0x08000fc4       0x40 ..\obj\usb_regs.o
                0x08000fc4                SetEPRxAddr
 .text.SetEPTxCount
                0x08001004       0x3c ..\obj\usb_regs.o
                0x08001004                SetEPTxCount
 .text.SetEPRxCount
                0x08001040       0x84 ..\obj\usb_regs.o
                0x08001040                SetEPRxCount
 .text.Set_System
                0x080010c4       0xa4 ..\obj\hw_config.o
                0x080010c4                Set_System
 .text.Set_USBClock
                0x08001168       0x18 ..\obj\hw_config.o
                0x08001168                Set_USBClock
 .text.USB_Interrupts_Config
                0x08001180       0x54 ..\obj\hw_config.o
                0x08001180                USB_Interrupts_Config
 .text.USB_Cable_Config
                0x080011d4       0x34 ..\obj\hw_config.o
                0x080011d4                USB_Cable_Config
 .text.Get_SerialNum
                0x08001208       0x58 ..\obj\hw_config.o
                0x08001208                Get_SerialNum
 .text.IntToUnicode
                0x08001260       0x7c ..\obj\hw_config.o
 .text.Joystick_init
                0x080012dc       0x2c ..\obj\usb_prop.o
                0x080012dc                Joystick_init
 .text.Joystick_Reset
                0x08001308       0xb0 ..\obj\usb_prop.o
                0x08001308                Joystick_Reset
 .text.Joystick_SetConfiguration
                0x080013b8       0x2c ..\obj\usb_prop.o
                0x080013b8                Joystick_SetConfiguration
 .text.Joystick_SetDeviceAddress
                0x080013e4       0x18 ..\obj\usb_prop.o
                0x080013e4                Joystick_SetDeviceAddress
 .text.Joystick_Status_In
                0x080013fc        0xc ..\obj\usb_prop.o
                0x080013fc                Joystick_Status_In
 .text.Joystick_Status_Out
                0x08001408        0xc ..\obj\usb_prop.o
                0x08001408                Joystick_Status_Out
 .text.Joystick_Data_Setup
                0x08001414       0xa4 ..\obj\usb_prop.o
                0x08001414                Joystick_Data_Setup
 .text.Joystick_NoData_Setup
                0x080014b8       0x34 ..\obj\usb_prop.o
                0x080014b8                Joystick_NoData_Setup
 .text.Joystick_GetDeviceDescriptor
                0x080014ec       0x24 ..\obj\usb_prop.o
                0x080014ec                Joystick_GetDeviceDescriptor
 .text.Joystick_GetConfigDescriptor
                0x08001510       0x24 ..\obj\usb_prop.o
                0x08001510                Joystick_GetConfigDescriptor
 .text.Joystick_GetStringDescriptor
                0x08001534       0x40 ..\obj\usb_prop.o
                0x08001534                Joystick_GetStringDescriptor
 .text.Joystick_GetReportDescriptor
                0x08001574       0x24 ..\obj\usb_prop.o
                0x08001574                Joystick_GetReportDescriptor
 .text.Joystick_GetHIDDescriptor
                0x08001598       0x24 ..\obj\usb_prop.o
                0x08001598                Joystick_GetHIDDescriptor
 .text.Joystick_Get_Interface_Setting
                0x080015bc       0x30 ..\obj\usb_prop.o
                0x080015bc                Joystick_Get_Interface_Setting
 .text.Joystick_SetProtocol
                0x080015ec       0x28 ..\obj\usb_prop.o
                0x080015ec                Joystick_SetProtocol
 .text.Joystick_GetProtocolValue
                0x08001614       0x30 ..\obj\usb_prop.o
                0x08001614                Joystick_GetProtocolValue
 .text.NMI_Handler
                0x08001644        0xc ..\obj\stm32f30x_it.o
                0x08001644                NMI_Handler
 .text.HardFault_Handler
                0x08001650        0x8 ..\obj\stm32f30x_it.o
                0x08001650                HardFault_Handler
 .text.MemManage_Handler
                0x08001658        0x8 ..\obj\stm32f30x_it.o
                0x08001658                MemManage_Handler
 .text.BusFault_Handler
                0x08001660        0x8 ..\obj\stm32f30x_it.o
                0x08001660                BusFault_Handler
 .text.UsageFault_Handler
                0x08001668        0x8 ..\obj\stm32f30x_it.o
                0x08001668                UsageFault_Handler
 .text.SVC_Handler
                0x08001670        0xc ..\obj\stm32f30x_it.o
                0x08001670                SVC_Handler
 .text.DebugMon_Handler
                0x0800167c        0xc ..\obj\stm32f30x_it.o
                0x0800167c                DebugMon_Handler
 .text.PendSV_Handler
                0x08001688        0xc ..\obj\stm32f30x_it.o
                0x08001688                PendSV_Handler
 .text.SysTick_Handler
                0x08001694       0x2c ..\obj\stm32f30x_it.o
                0x08001694                SysTick_Handler
 .text.GPIO_Init
                0x080016c0      0x12c ..\obj\stm32f30x_gpio.o
                0x080016c0                GPIO_Init
 .text.GPIO_ReadInputDataBit
                0x080017ec       0x38 ..\obj\stm32f30x_gpio.o
                0x080017ec                GPIO_ReadInputDataBit
 .text.GPIO_SetBits
                0x08001824       0x1c ..\obj\stm32f30x_gpio.o
                0x08001824                GPIO_SetBits
 .text.GPIO_ResetBits
                0x08001840       0x1c ..\obj\stm32f30x_gpio.o
                0x08001840                GPIO_ResetBits
 .text.GPIO_PinAFConfig
                0x0800185c       0x90 ..\obj\stm32f30x_gpio.o
                0x0800185c                GPIO_PinAFConfig
 .text.PowerOn  0x080018ec       0x50 ..\obj\usb_pwr.o
                0x080018ec                PowerOn
 .text.USB_Init
                0x0800193c       0x44 ..\obj\usb_init.o
                0x0800193c                USB_Init
 .text.NVIC_SetPriority
                0x08001980       0x54 ..\obj\main.o
 .text.SysTick_Config
                0x080019d4       0x44 ..\obj\main.o
 .text.main     0x08001a18      0x270 ..\obj\main.o
                0x08001a18                main
 .text.PWMInput_Config3
                0x08001c88      0x398 ..\obj\main.o
                0x08001c88                PWMInput_Config3
 .text.Demo_USB
                0x08002020       0x34 ..\obj\main.o
                0x08002020                Demo_USB
 .text.Demo_GyroConfig
                0x08002054       0x4c ..\obj\main.o
                0x08002054                Demo_GyroConfig
 .text.Calculate_Gyro_Drift
                0x080020a0       0x94 ..\obj\main.o
                0x080020a0                Calculate_Gyro_Drift
 .text.Demo_GyroReadAngRate
                0x08002134      0x198 ..\obj\main.o
                0x08002134                Demo_GyroReadAngRate
 .text.Demo_CompassConfig
                0x080022cc       0x64 ..\obj\main.o
                0x080022cc                Demo_CompassConfig
 .text.Demo_CompassReadAcc
                0x08002330      0x1cc ..\obj\main.o
                0x08002330                Demo_CompassReadAcc
 .text.TimingDelay_Decrement
                0x080024fc       0x24 ..\obj\main.o
                0x080024fc                TimingDelay_Decrement
 .text.L3GD20_TIMEOUT_UserCallback
                0x08002520       0x10 ..\obj\main.o
                0x08002520                L3GD20_TIMEOUT_UserCallback
 .text.LSM303DLHC_TIMEOUT_UserCallback
                0x08002530       0x10 ..\obj\main.o
                0x08002530                LSM303DLHC_TIMEOUT_UserCallback
 .text.RCC_Configuration
                0x08002540       0x30 ..\obj\main.o
                0x08002540                RCC_Configuration
 .text.GPIO_Configuration
                0x08002570       0x5c ..\obj\main.o
                0x08002570                GPIO_Configuration
 .text.GPIO_Configuration2
                0x080025cc       0x58 ..\obj\main.o
                0x080025cc                GPIO_Configuration2
 .text.USART1_Configuration
                0x08002624       0x68 ..\obj\main.o
                0x08002624                USART1_Configuration
 .text.USART3_Configuration
                0x0800268c       0x68 ..\obj\main.o
                0x0800268c                USART3_Configuration
 .text.USART1_Send
                0x080026f4       0x34 ..\obj\main.o
                0x080026f4                USART1_Send
 .text.USART1_IRQHandler
                0x08002728       0x64 ..\obj\main.o
                0x08002728                USART1_IRQHandler
 .text.USART3_IRQHandler
                0x0800278c       0x94 ..\obj\main.o
                0x0800278c                USART3_IRQHandler
 .text.EXTI0_IRQHandler
                0x08002820       0x18 ..\obj\main.o
                0x08002820                EXTI0_IRQHandler
 .text.TIM4_IRQHandler
                0x08002838       0x5c ..\obj\main.o
                0x08002838                TIM4_IRQHandler
 .text.TIM3_IRQHandler
                0x08002894       0x5c ..\obj\main.o
                0x08002894                TIM3_IRQHandler
 .text.TIM8_CC_IRQHandler
                0x080028f0       0x5c ..\obj\main.o
                0x080028f0                TIM8_CC_IRQHandler
 .text.EXTI1_IRQHandler
                0x0800294c       0x9c ..\obj\main.o
                0x0800294c                EXTI1_IRQHandler
 .text.EXTI2_IRQHandler
                0x080029e8       0x10 ..\obj\main.o
                0x080029e8                EXTI2_IRQHandler
 .text.EXTI3_IRQHandler
                0x080029f8       0x10 ..\obj\main.o
                0x080029f8                EXTI3_IRQHandler
 .text.EXTI4_IRQHandler
                0x08002a08       0x10 ..\obj\main.o
                0x08002a08                EXTI4_IRQHandler
 .text.EXTI_Init
                0x08002a18      0x1f4 ..\obj\stm32f30x_exti.o
                0x08002a18                EXTI_Init
 .text.EXTI_ClearITPendingBit
                0x08002c0c       0x30 ..\obj\stm32f30x_exti.o
                0x08002c0c                EXTI_ClearITPendingBit
 .text.SPI_I2S_DeInit
                0x08002c3c       0x74 ..\obj\stm32f30x_spi.o
                0x08002c3c                SPI_I2S_DeInit
 .text.SPI_Init
                0x08002cb0      0x114 ..\obj\stm32f30x_spi.o
                0x08002cb0                SPI_Init
 .text.SPI_Cmd  0x08002dc4       0x40 ..\obj\stm32f30x_spi.o
                0x08002dc4                SPI_Cmd
 .text.SPI_RxFIFOThresholdConfig
                0x08002e04       0x38 ..\obj\stm32f30x_spi.o
                0x08002e04                SPI_RxFIFOThresholdConfig
 .text.SPI_SendData8
                0x08002e3c       0x2c ..\obj\stm32f30x_spi.o
                0x08002e3c                SPI_SendData8
 .text.SPI_ReceiveData8
                0x08002e68       0x28 ..\obj\stm32f30x_spi.o
                0x08002e68                SPI_ReceiveData8
 .text.SPI_I2S_GetFlagStatus
                0x08002e90       0x38 ..\obj\stm32f30x_spi.o
                0x08002e90                SPI_I2S_GetFlagStatus
 .text.I2C_Init
                0x08002ec8       0xc8 ..\obj\stm32f30x_i2c.o
                0x08002ec8                I2C_Init
 .text.I2C_Cmd  0x08002f90       0x38 ..\obj\stm32f30x_i2c.o
                0x08002f90                I2C_Cmd
 .text.I2C_TransferHandling
                0x08002fc8       0x58 ..\obj\stm32f30x_i2c.o
                0x08002fc8                I2C_TransferHandling
 .text.I2C_SendData
                0x08003020       0x1c ..\obj\stm32f30x_i2c.o
                0x08003020                I2C_SendData
 .text.I2C_ReceiveData
                0x0800303c       0x18 ..\obj\stm32f30x_i2c.o
                0x0800303c                I2C_ReceiveData
 .text.I2C_GetFlagStatus
                0x08003054       0x3c ..\obj\stm32f30x_i2c.o
                0x08003054                I2C_GetFlagStatus
 .text.I2C_ClearFlag
                0x08003090       0x1c ..\obj\stm32f30x_i2c.o
                0x08003090                I2C_ClearFlag
 .text.USB_SIL_Init
                0x080030ac       0x30 ..\obj\usb_sil.o
                0x080030ac                USB_SIL_Init
 .text.NVIC_PriorityGroupConfig
                0x080030dc       0x24 ..\obj\stm32f30x_misc.o
                0x080030dc                NVIC_PriorityGroupConfig
 .text.NVIC_Init
                0x08003100       0xc4 ..\obj\stm32f30x_misc.o
                0x08003100                NVIC_Init
 .text.TIM_TimeBaseInit
                0x080031c4       0xec ..\obj\stm32f30x_tim.o
                0x080031c4                TIM_TimeBaseInit
 .text.TIM_TimeBaseStructInit
                0x080032b0       0x34 ..\obj\stm32f30x_tim.o
                0x080032b0                TIM_TimeBaseStructInit
 .text.TIM_GetCounter
                0x080032e4       0x18 ..\obj\stm32f30x_tim.o
                0x080032e4                TIM_GetCounter
 .text.TIM_ARRPreloadConfig
                0x080032fc       0x40 ..\obj\stm32f30x_tim.o
                0x080032fc                TIM_ARRPreloadConfig
 .text.TIM_Cmd  0x0800333c       0x40 ..\obj\stm32f30x_tim.o
                0x0800333c                TIM_Cmd
 .text.TIM_OC1Init
                0x0800337c      0x124 ..\obj\stm32f30x_tim.o
                0x0800337c                TIM_OC1Init
 .text.TIM_OC2Init
                0x080034a0      0x100 ..\obj\stm32f30x_tim.o
                0x080034a0                TIM_OC2Init
 .text.TIM_OC3Init
                0x080035a0       0xfc ..\obj\stm32f30x_tim.o
                0x080035a0                TIM_OC3Init
 .text.TIM_OC4Init
                0x0800369c       0xc0 ..\obj\stm32f30x_tim.o
                0x0800369c                TIM_OC4Init
 .text.TIM_SetCompare1
                0x0800375c       0x1c ..\obj\stm32f30x_tim.o
                0x0800375c                TIM_SetCompare1
 .text.TIM_SetCompare2
                0x08003778       0x1c ..\obj\stm32f30x_tim.o
                0x08003778                TIM_SetCompare2
 .text.TIM_SetCompare3
                0x08003794       0x1c ..\obj\stm32f30x_tim.o
                0x08003794                TIM_SetCompare3
 .text.TIM_SetCompare4
                0x080037b0       0x1c ..\obj\stm32f30x_tim.o
                0x080037b0                TIM_SetCompare4
 .text.TIM_OC1PreloadConfig
                0x080037cc       0x38 ..\obj\stm32f30x_tim.o
                0x080037cc                TIM_OC1PreloadConfig
 .text.TIM_OC2PreloadConfig
                0x08003804       0x3c ..\obj\stm32f30x_tim.o
                0x08003804                TIM_OC2PreloadConfig
 .text.TIM_OC3PreloadConfig
                0x08003840       0x38 ..\obj\stm32f30x_tim.o
                0x08003840                TIM_OC3PreloadConfig
 .text.TIM_OC4PreloadConfig
                0x08003878       0x3c ..\obj\stm32f30x_tim.o
                0x08003878                TIM_OC4PreloadConfig
 .text.TIM_ICStructInit
                0x080038b4       0x30 ..\obj\stm32f30x_tim.o
                0x080038b4                TIM_ICStructInit
 .text.TIM_PWMIConfig
                0x080038e4       0xb8 ..\obj\stm32f30x_tim.o
                0x080038e4                TIM_PWMIConfig
 .text.TIM_SetIC1Prescaler
                0x0800399c       0x30 ..\obj\stm32f30x_tim.o
                0x0800399c                TIM_SetIC1Prescaler
 .text.TIM_SetIC2Prescaler
                0x080039cc       0x30 ..\obj\stm32f30x_tim.o
                0x080039cc                TIM_SetIC2Prescaler
 .text.TIM_CtrlPWMOutputs
                0x080039fc       0x38 ..\obj\stm32f30x_tim.o
                0x080039fc                TIM_CtrlPWMOutputs
 .text.TIM_ITConfig
                0x08003a34       0x40 ..\obj\stm32f30x_tim.o
                0x08003a34                TIM_ITConfig
 .text.TIM_GetITStatus
                0x08003a74       0x54 ..\obj\stm32f30x_tim.o
                0x08003a74                TIM_GetITStatus
 .text.TIM_ClearITPendingBit
                0x08003ac8       0x24 ..\obj\stm32f30x_tim.o
                0x08003ac8                TIM_ClearITPendingBit
 .text.TIM_SelectInputTrigger
                0x08003aec       0x38 ..\obj\stm32f30x_tim.o
                0x08003aec                TIM_SelectInputTrigger
 .text.TIM_SelectSlaveMode
                0x08003b24       0x30 ..\obj\stm32f30x_tim.o
                0x08003b24                TIM_SelectSlaveMode
 .text.TIM_SelectMasterSlaveMode
                0x08003b54       0x30 ..\obj\stm32f30x_tim.o
                0x08003b54                TIM_SelectMasterSlaveMode
 .text.TI1_Config
                0x08003b84       0x80 ..\obj\stm32f30x_tim.o
 .text.TI2_Config
                0x08003c04       0x98 ..\obj\stm32f30x_tim.o
 .text.L3GD20_Init
                0x08003c9c       0x78 ..\obj\stm32f3_discovery_l3gd20.o
                0x08003c9c                L3GD20_Init
 .text.L3GD20_FilterConfig
                0x08003d14       0x4c ..\obj\stm32f3_discovery_l3gd20.o
                0x08003d14                L3GD20_FilterConfig
 .text.L3GD20_FilterCmd
                0x08003d60       0x44 ..\obj\stm32f3_discovery_l3gd20.o
                0x08003d60                L3GD20_FilterCmd
 .text.L3GD20_Write
                0x08003da4       0x60 ..\obj\stm32f3_discovery_l3gd20.o
                0x08003da4                L3GD20_Write
 .text.L3GD20_Read
                0x08003e04       0x70 ..\obj\stm32f3_discovery_l3gd20.o
                0x08003e04                L3GD20_Read
 .text.L3GD20_LowLevel_Init
                0x08003e74      0x154 ..\obj\stm32f3_discovery_l3gd20.o
 .text.L3GD20_SendByte
                0x08003fc8       0x8c ..\obj\stm32f3_discovery_l3gd20.o
 .text.SYSCFG_EXTILineConfig
                0x08004054       0x84 ..\obj\stm32f30x_syscfg.o
                0x08004054                SYSCFG_EXTILineConfig
 .text.schedule_PI_interrupts
                0x080040d8       0xf8 ..\obj\BLDC_Control.o
                0x080040d8                schedule_PI_interrupts
 .text.Set_Offset1
                0x080041d0      0x1d0 ..\obj\BLDC_Control.o
                0x080041d0                Set_Offset1
 .text.bounds_check
                0x080043a0       0xe4 ..\obj\BLDC_Control.o
                0x080043a0                bounds_check
 .text.low_bounds_check
                0x08004484       0xf4 ..\obj\BLDC_Control.o
                0x08004484                low_bounds_check
 .text.init_pwm_gpio
                0x08004578       0x64 ..\obj\BLDC_Control.o
                0x08004578                init_pwm_gpio
 .text.init_pwm
                0x080045dc       0xdc ..\obj\BLDC_Control.o
                0x080045dc                init_pwm
 .text.slow_init_pwm
                0x080046b8      0x1a0 ..\obj\BLDC_Control.o
                0x080046b8                slow_init_pwm
 .text.set_pwm_width
                0x08004858       0x80 ..\obj\BLDC_Control.o
                0x08004858                set_pwm_width
 .text.TIM2_IRQHandler
                0x080048d8      0x56c ..\obj\BLDC_Control.o
                0x080048d8                TIM2_IRQHandler
 .text.STM_EVAL_PBInit
                0x08004e44       0x98 ..\obj\stm32f3_discovery.o
                0x08004e44                STM_EVAL_PBInit
 .text.USART_Init
                0x08004edc      0x178 ..\obj\stm32f30x_usart.o
                0x08004edc                USART_Init
 .text.USART_Cmd
                0x08005054       0x38 ..\obj\stm32f30x_usart.o
                0x08005054                USART_Cmd
 .text.USART_SendData
                0x0800508c       0x24 ..\obj\stm32f30x_usart.o
                0x0800508c                USART_SendData
 .text.USART_ReceiveData
                0x080050b0       0x20 ..\obj\stm32f30x_usart.o
                0x080050b0                USART_ReceiveData
 .text.USART_ITConfig
                0x080050d0       0x80 ..\obj\stm32f30x_usart.o
                0x080050d0                USART_ITConfig
 .text.USART_GetFlagStatus
                0x08005150       0x30 ..\obj\stm32f30x_usart.o
                0x08005150                USART_GetFlagStatus
 .text.atan2f   0x08005180        0x4 c:/users/tbarnes/documents/embedded wizard/stm32f7/gcc-arm-none-eabi/5.3 2016q1/bin/../lib/gcc/arm-none-eabi/5.3.1/../../../../arm-none-eabi/lib/armv7e-m\libm.a(lib_a-wf_atan2.o)
                0x08005180                atan2f
 .text.__ieee754_atan2f
                0x08005184      0x124 c:/users/tbarnes/documents/embedded wizard/stm32f7/gcc-arm-none-eabi/5.3 2016q1/bin/../lib/gcc/arm-none-eabi/5.3.1/../../../../arm-none-eabi/lib/armv7e-m\libm.a(lib_a-ef_atan2.o)
                0x08005184                __ieee754_atan2f
 .text.atanf    0x080052a8      0x22c c:/users/tbarnes/documents/embedded wizard/stm32f7/gcc-arm-none-eabi/5.3 2016q1/bin/../lib/gcc/arm-none-eabi/5.3.1/../../../../arm-none-eabi/lib/armv7e-m\libm.a(lib_a-sf_atan.o)
                0x080052a8                atanf
 .text.fabsf    0x080054d4        0x8 c:/users/tbarnes/documents/embedded wizard/stm32f7/gcc-arm-none-eabi/5.3 2016q1/bin/../lib/gcc/arm-none-eabi/5.3.1/../../../../arm-none-eabi/lib/armv7e-m\libm.a(lib_a-sf_fabs.o)
                0x080054d4                fabsf
 .text          0x080054dc      0x370 c:/users/tbarnes/documents/embedded wizard/stm32f7/gcc-arm-none-eabi/5.3 2016q1/bin/../lib/gcc/arm-none-eabi/5.3.1/armv7e-m\libgcc.a(_arm_addsubdf3.o)
                0x080054dc                __aeabi_drsub
                0x080054e4                __aeabi_dsub
                0x080054e4                __subdf3
                0x080054e8                __aeabi_dadd
                0x080054e8                __adddf3
                0x08005760                __floatunsidf
                0x08005760                __aeabi_ui2d
                0x08005780                __floatsidf
                0x08005780                __aeabi_i2d
                0x080057a4                __aeabi_f2d
                0x080057a4                __extendsfdf2
                0x080057e0                __floatundidf
                0x080057e0                __aeabi_ul2d
                0x080057f0                __floatdidf
                0x080057f0                __aeabi_l2d
 .text          0x0800584c      0x424 c:/users/tbarnes/documents/embedded wizard/stm32f7/gcc-arm-none-eabi/5.3 2016q1/bin/../lib/gcc/arm-none-eabi/5.3.1/armv7e-m\libgcc.a(_arm_muldivdf3.o)
                0x0800584c                __aeabi_dmul
                0x0800584c                __muldf3
                0x08005aa0                __divdf3
                0x08005aa0                __aeabi_ddiv
 .text          0x08005c70       0x50 c:/users/tbarnes/documents/embedded wizard/stm32f7/gcc-arm-none-eabi/5.3 2016q1/bin/../lib/gcc/arm-none-eabi/5.3.1/armv7e-m\libgcc.a(_arm_fixdfsi.o)
                0x08005c70                __aeabi_d2iz
                0x08005c70                __fixdfsi
 .text          0x08005cc0       0xa0 c:/users/tbarnes/documents/embedded wizard/stm32f7/gcc-arm-none-eabi/5.3 2016q1/bin/../lib/gcc/arm-none-eabi/5.3.1/armv7e-m\libgcc.a(_arm_truncdfsf2.o)
                0x08005cc0                __truncdfsf2
                0x08005cc0                __aeabi_d2f
 .text          0x08005d60      0x21c c:/users/tbarnes/documents/embedded wizard/stm32f7/gcc-arm-none-eabi/5.3 2016q1/bin/../lib/gcc/arm-none-eabi/5.3.1/armv7e-m\libgcc.a(_arm_addsubsf3.o)
                0x08005d60                __aeabi_frsub
                0x08005d68                __subsf3
                0x08005d68                __aeabi_fsub
                0x08005d6c                __aeabi_fadd
                0x08005d6c                __addsf3
                0x08005ecc                __aeabi_ui2f
                0x08005ecc                __floatunsisf
                0x08005ed4                __aeabi_i2f
                0x08005ed4                __floatsisf
                0x08005ef0                __aeabi_ul2f
                0x08005ef0                __floatundisf
                0x08005f00                __aeabi_l2f
                0x08005f00                __floatdisf
 .text          0x08005f7c      0x2a0 c:/users/tbarnes/documents/embedded wizard/stm32f7/gcc-arm-none-eabi/5.3 2016q1/bin/../lib/gcc/arm-none-eabi/5.3.1/armv7e-m\libgcc.a(_arm_muldivsf3.o)
                0x08005f7c                __mulsf3
                0x08005f7c                __aeabi_fmul
                0x080060e4                __aeabi_fdiv
                0x080060e4                __divsf3
 .text          0x0800621c       0xec c:/users/tbarnes/documents/embedded wizard/stm32f7/gcc-arm-none-eabi/5.3 2016q1/bin/../lib/gcc/arm-none-eabi/5.3.1/armv7e-m\libgcc.a(_arm_cmpsf2.o)
                0x0800621c                __gesf2
                0x0800621c                __gtsf2
                0x08006224                __lesf2
                0x08006224                __ltsf2
                0x0800622c                __nesf2
                0x0800622c                __eqsf2
                0x0800622c                __cmpsf2
                0x0800628c                __aeabi_cfrcmple
                0x08006294                __aeabi_cfcmpeq
                0x08006294                __aeabi_cfcmple
                0x080062a4                __aeabi_fcmpeq
                0x080062b8                __aeabi_fcmplt
                0x080062cc                __aeabi_fcmple
                0x080062e0                __aeabi_fcmpge
                0x080062f4                __aeabi_fcmpgt
 .text          0x08006308       0x4c c:/users/tbarnes/documents/embedded wizard/stm32f7/gcc-arm-none-eabi/5.3 2016q1/bin/../lib/gcc/arm-none-eabi/5.3.1/armv7e-m\libgcc.a(_arm_fixsfsi.o)
                0x08006308                __aeabi_f2iz
                0x08006308                __fixsfsi
 *(.init)
 *(.fini)
 *crtbegin.o(.ctors)
 *crtbegin?.o(.ctors)
 *(EXCLUDE_FILE(*crtend.o *crtend?.o) .ctors)
 *(SORT(.ctors.*))
 *(.ctors)
 *crtbegin.o(.dtors)
 *crtbegin?.o(.dtors)
 *(EXCLUDE_FILE(*crtend.o *crtend?.o) .dtors)
 *(SORT(.dtors.*))
 *(.dtors)
 *(.rodata*)
 .rodata        0x08006354       0xce ..\obj\usb_desc.o
                0x08006354                Joystick_DeviceDescriptor
                0x08006368                Joystick_ConfigDescriptor
                0x0800638c                Joystick_ReportDescriptor
                0x080063d8                Joystick_StringLangID
                0x080063dc                Joystick_StringVendor
                0x08006404                Joystick_StringProduct
 *fill*         0x08006422        0x2 
 .rodata.atanlo
                0x08006424       0x10 c:/users/tbarnes/documents/embedded wizard/stm32f7/gcc-arm-none-eabi/5.3 2016q1/bin/../lib/gcc/arm-none-eabi/5.3.1/../../../../arm-none-eabi/lib/armv7e-m\libm.a(lib_a-sf_atan.o)
 .rodata.atanhi
                0x08006434       0x10 c:/users/tbarnes/documents/embedded wizard/stm32f7/gcc-arm-none-eabi/5.3 2016q1/bin/../lib/gcc/arm-none-eabi/5.3.1/../../../../arm-none-eabi/lib/armv7e-m\libm.a(lib_a-sf_atan.o)
 *(.eh_fram e*)

.glue_7         0x08006444        0x0
 .glue_7        0x08006444        0x0 linker stubs

.glue_7t        0x08006444        0x0
 .glue_7t       0x08006444        0x0 linker stubs

.vfp11_veneer   0x08006444        0x0
 .vfp11_veneer  0x08006444        0x0 linker stubs

.v4_bx          0x08006444        0x0
 .v4_bx         0x08006444        0x0 linker stubs

.iplt           0x08006444        0x0
 .iplt          0x08006444        0x0 ..\obj\stm32f30x_iwdg.o

.rel.dyn        0x08006444        0x0
 .rel.iplt      0x08006444        0x0 ..\obj\stm32f30x_iwdg.o

.ARM.extab
 *(.ARM.extab* .gnu.linkonce.armextab.*)
                0x08006444                __exidx_start = .

.ARM.exidx
 *(.ARM.exidx* .gnu.linkonce.armexidx.*)
                0x08006444                __exidx_end = .
                0x08006444                __etext = .
                0x08006444                _sidata = __etext

.data           0x20000000      0x158 load address 0x08006444
                0x20000000                __data_start__ = .
                0x20000000                _sdata = __data_start__
 *(vtable)
 *(.data*)
 .data          0x20000000       0x2a ..\obj\stm32f30x_rcc.o
 *fill*         0x2000002a        0x2 
 .data          0x2000002c        0x4 ..\obj\stm32f3_discovery_lsm303dlhc.o
                0x2000002c                LSM303DLHC_Timeout
 .data          0x20000030       0x1a ..\obj\usb_desc.o
                0x20000030                Joystick_StringSerial
 *fill*         0x2000004a        0x2 
 .data          0x2000004c       0x98 ..\obj\usb_prop.o
                0x2000004c                Device_Table
                0x20000050                Device_Property
                0x20000080                User_Standard_Requests
                0x200000a4                Device_Descriptor
                0x200000ac                Config_Descriptor
                0x200000b4                Joystick_Report_Descriptor
                0x200000bc                Mouse_Hid_Descriptor
                0x200000c4                String_Descriptor
 .data          0x200000e4       0x1c ..\obj\main.o
                0x200000e4                PrevXferComplete
                0x200000e8                USBConnectTimeOut
                0x200000ec                fix_state
                0x200000f0                duty_cycle1
                0x200000f4                duty_cycle2
                0x200000f8                duty_cycle3
                0x200000fc                duty_cycle4
 .data          0x20000100        0x4 ..\obj\stm32f3_discovery_l3gd20.o
                0x20000100                L3GD20Timeout
 .data          0x20000104       0x30 ..\obj\BLDC_Control.o
                0x20000104                PID
                0x20000108                offsetA
                0x2000010c                offsetB
                0x20000110                offsetC
                0x20000114                offsetD
                0x20000118                KpX
                0x2000011c                KiX
                0x20000120                KdX
                0x20000124                KpY
                0x20000128                KiY
                0x2000012c                KdY
                0x20000130                interrupt_frequency
 .data          0x20000134       0x24 ..\obj\stm32f3_discovery.o
                0x20000134                GPIO_PORT
                0x20000154                BUTTON_PORT
                0x20000158                . = ALIGN (0x4)
                [!provide]                PROVIDE (__preinit_array_start, .)
 *(.preinit_array)
                [!provide]                PROVIDE (__preinit_array_end, .)
                0x20000158                . = ALIGN (0x4)
                [!provide]                PROVIDE (__init_array_start, .)
 *(SORT(.init_array.*))
 *(.init_array)
                [!provide]                PROVIDE (__init_array_end, .)
                0x20000158                . = ALIGN (0x4)
                [!provide]                PROVIDE (__fini_array_start, .)
 *(SORT(.fini_array.*))
 *(.fini_array)
                [!provide]                PROVIDE (__fini_array_end, .)
 *(.jcr*)
                0x20000158                . = ALIGN (0x4)
                0x20000158                __data_end__ = .
                0x20000158                _edata = __data_end__

.igot.plt       0x20000158        0x0 load address 0x0800659c
 .igot.plt      0x20000158        0x0 ..\obj\stm32f30x_iwdg.o

.bss            0x20000158      0x304 load address 0x080065a0
                0x20000158                . = ALIGN (0x4)
                0x20000158                __bss_start__ = .
                0x20000158                _sbss = __bss_start__
 *(.bss*)
 .bss           0x20000158        0x4 ..\obj\usb_pwr.o
                0x20000158                bDeviceState
 .bss           0x2000015c       0x76 ..\obj\main.o
                0x2000015c                TimingDelay
                0x20000160                UserButtonPressed
                0x20000164                HeadingValue
                0x20000168                MagBuffer
                0x20000174                AccBuffer
                0x20000180                Buff
                0x2000018c                IN_CH1
                0x20000190                IN_CH2
                0x20000194                IN_CH3
                0x20000198                IN_CH4
                0x2000019c                IN_CH1_OFFSET
                0x200001a0                IN_CH2_OFFSET
                0x200001a4                IN_CH3_OFFSET
                0x200001a8                IN_CH4_OFFSET
                0x200001ac                DataReady
                0x200001b0                fCosPitch
                0x200001b4                RollAng
                0x200001b8                PitchAng
                0x200001bc                fTiltedY
                0x200001c0                string_pointer
                0x200001c1                power
                0x200001c2                c
                0x200001c4                Gyro_XOffset
                0x200001c8                Gyro_YOffset
 *fill*         0x200001d2        0x2 
 .bss           0x200001d4       0x3c ..\obj\BLDC_Control.o
                0x200001d4                Yval
                0x200001d8                Buffer
                0x200001e4                AccBuffer2
                0x200001f0                chasetheX
                0x200001f4                chasetheY
                0x200001f8                SUMof_XError
                0x200001fc                SUMof_YError
                0x20000200                XLastError
                0x20000204                YLastError
                0x20000208                ControlX_Out
                0x2000020c                ControlY_Out
 *(COMMON)
 COMMON         0x20000210        0xc ..\obj\hw_config.o
                0x20000210                HSEStartUpStatus
                0x20000214                EXTI_InitStructure
 COMMON         0x2000021c        0x4 ..\obj\usb_prop.o
                0x2000021c                ProtocolValue
 COMMON         0x20000220       0x32 ..\obj\usb_init.o
                0x20000220                SaveState
                0x20000224                pProperty
                0x20000228                EPindex
                0x2000022c                Device_Info
                0x20000248                pUser_Standard_Requests
                0x2000024c                pInformation
                0x20000250                wInterrupt_Mask
 *fill*         0x20000252        0x6 
 COMMON         0x20000258      0x1a0 ..\obj\main.o
                0x20000258                Lat_Deg
                0x2000025c                fCosRoll
                0x20000260                Lat_Min
                0x20000264                rx
                0x20000268                calibration_value
                0x2000026c                tx
                0x20000270                fTiltedX
                0x20000274                NEMA_String
                0x2000038c                fSinRoll
                0x20000390                altitude
                0x20000398                dec_lat
                0x200003a0                Long_Min
                0x200003a4                Long_Deg
                0x200003a6                USART3_rx
                0x200003a8                offset
                0x200003ac                fSinPitch
                0x200003b0                fNormAcc
                0x200003b4                RCC_Clocks
                0x200003f0                dec_long
 COMMON         0x200003f8       0x64 ..\obj\BLDC_Control.o
                0x200003f8                offsetD_Low
                0x200003fc                offsetB_High
                0x20000400                YSum_Of_Gyro
                0x20000404                Xval
                0x20000408                duty_cycleC
                0x2000040c                YTotal_Rotation
                0x20000410                offsetC_Low
                0x20000414                ms_pulses2
                0x20000418                offsetD_High
                0x2000041c                prescaler2
                0x20000420                interrupt_period_int
                0x20000424                AccYanglefloat
                0x20000428                duty_cycleD
                0x2000042c                pwm_period
                0x20000430                AccXangle
                0x20000434                offsetC_High
                0x20000438                XTotal_Rotation
                0x2000043c                offsetA_High
                0x20000440                interrupt_period_float
                0x20000444                offsetB_Low
                0x20000448                AccYangle
                0x2000044c                duty_cycleB
                0x20000450                XSum_Of_Gyro
                0x20000454                offsetA_Low
                0x20000458                duty_cycleA
                0x2000045c                . = ALIGN (0x4)
                0x2000045c                __bss_end__ = .
                0x2000045c                _ebss = __bss_end__

.heap           0x2000045c        0x0
                0x2000045c                __end__ = .
                0x2000045c                _end = __end__
                0x2000045c                end = __end__
 *(.heap*)
                0x2000045c                __HeapLimit = .

.co_stack       0x2000045c      0x804 load address 0x080068a4
                0x20000460                . = ALIGN (0x8)
 *fill*         0x2000045c        0x4 
 *(.co_stack .co_stack.*)
 .co_stack      0x20000460      0x800 ..\obj\startup_stm32f303.o
                0x20000460                pulStack
                0x2000a000                __StackTop = (ORIGIN (ram) + LENGTH (ram))
                0x200097fc                __StackLimit = (__StackTop - SIZEOF (.co_stack))
                [!provide]                PROVIDE (__stack, __StackTop)
                0x00000001                ASSERT ((__StackLimit >= __HeapLimit), region ram  overflowed with stack)
LOAD ..\obj\stm32f30x_iwdg.o
LOAD ..\obj\stm32f30x_opamp.o
LOAD ..\obj\usb_core.o
LOAD ..\obj\stm32f30x_crc.o
LOAD ..\obj\startup_stm32f303.o
LOAD ..\obj\stm32f30x_rcc.o
LOAD ..\obj\stm32f3_discovery_lsm303dlhc.o
LOAD ..\obj\stm32f30x_flash.o
LOAD ..\obj\system_stm32f30x.o
LOAD ..\obj\stm32f30x_adc.o
LOAD ..\obj\usb_int.o
LOAD ..\obj\usb_desc.o
LOAD ..\obj\usb_regs.o
LOAD ..\obj\hw_config.o
LOAD ..\obj\usb_prop.o
LOAD ..\obj\stm32f30x_it.o
LOAD ..\obj\stm32f30x_comp.o
LOAD ..\obj\stm32f30x_gpio.o
LOAD ..\obj\usb_pwr.o
LOAD ..\obj\usb_init.o
LOAD ..\obj\main.o
LOAD ..\obj\stm32f30x_dma.o
LOAD ..\obj\GPS.o
LOAD ..\obj\stm32f30x_exti.o
LOAD ..\obj\stm32f30x_spi.o
LOAD ..\obj\stm32f30x_i2c.o
LOAD ..\obj\usb_sil.o
LOAD ..\obj\stm32f30x_rtc.o
LOAD ..\obj\stm32f30x_misc.o
LOAD ..\obj\stm32f30x_tim.o
LOAD ..\obj\stm32f3_discovery_l3gd20.o
LOAD ..\obj\stm32f30x_dbgmcu.o
LOAD ..\obj\usb_endp.o
LOAD ..\obj\stm32f30x_syscfg.o
LOAD ..\obj\stm32f30x_pwr.o
LOAD ..\obj\stm32f30x_wwdg.o
LOAD ..\obj\stm32f30x_can.o
LOAD ..\obj\BLDC_Control.o
LOAD ..\obj\usb_mem.o
LOAD ..\obj\stm32f3_discovery.o
LOAD ..\obj\stm32f30x_dac.o
LOAD ..\obj\usb_istr.o
LOAD ..\obj\stm32f30x_usart.o
LOAD c:/users/tbarnes/documents/embedded wizard/stm32f7/gcc-arm-none-eabi/5.3 2016q1/bin/../lib/gcc/arm-none-eabi/5.3.1/../../../../arm-none-eabi/lib/armv7e-m\libm.a
START GROUP
LOAD c:/users/tbarnes/documents/embedded wizard/stm32f7/gcc-arm-none-eabi/5.3 2016q1/bin/../lib/gcc/arm-none-eabi/5.3.1/armv7e-m\libgcc.a
LOAD c:/users/tbarnes/documents/embedded wizard/stm32f7/gcc-arm-none-eabi/5.3 2016q1/bin/../lib/gcc/arm-none-eabi/5.3.1/../../../../arm-none-eabi/lib/armv7e-m\libg.a
LOAD c:/users/tbarnes/documents/embedded wizard/stm32f7/gcc-arm-none-eabi/5.3 2016q1/bin/../lib/gcc/arm-none-eabi/5.3.1/../../../../arm-none-eabi/lib/armv7e-m\libc.a
END GROUP
OUTPUT(Test_STM32F303.elf elf32-littlearm)

.debug_info     0x00000000     0xeb6d
 .debug_info    0x00000000      0xb7e ..\obj\usb_core.o
 .debug_info    0x00000b7e       0xf2 ..\obj\startup_stm32f303.o
 .debug_info    0x00000c70      0xacc ..\obj\stm32f30x_rcc.o
 .debug_info    0x0000173c      0x9a5 ..\obj\stm32f3_discovery_lsm303dlhc.o
 .debug_info    0x000020e1      0x1ae ..\obj\usb_desc.o
 .debug_info    0x0000228f      0xc87 ..\obj\usb_regs.o
 .debug_info    0x00002f16      0x9e5 ..\obj\hw_config.o
 .debug_info    0x000038fb      0x90e ..\obj\usb_prop.o
 .debug_info    0x00004209      0x1bc ..\obj\stm32f30x_it.o
 .debug_info    0x000043c5      0x612 ..\obj\stm32f30x_gpio.o
 .debug_info    0x000049d7      0x2f5 ..\obj\usb_pwr.o
 .debug_info    0x00004ccc      0x454 ..\obj\usb_init.o
 .debug_info    0x00005120     0x20c6 ..\obj\main.o
 .debug_info    0x000071e6      0x3c4 ..\obj\stm32f30x_exti.o
 .debug_info    0x000075aa      0xb7a ..\obj\stm32f30x_spi.o
 .debug_info    0x00008124      0xbe6 ..\obj\stm32f30x_i2c.o
 .debug_info    0x00008d0a      0x186 ..\obj\usb_sil.o
 .debug_info    0x00008e90      0x556 ..\obj\stm32f30x_misc.o
 .debug_info    0x000093e6     0x218c ..\obj\stm32f30x_tim.o
 .debug_info    0x0000b572      0x7df ..\obj\stm32f3_discovery_l3gd20.o
 .debug_info    0x0000bd51      0x3ce ..\obj\stm32f30x_syscfg.o
 .debug_info    0x0000c11f     0x1303 ..\obj\BLDC_Control.o
 .debug_info    0x0000d422      0x887 ..\obj\stm32f3_discovery.o
 .debug_info    0x0000dca9      0xec4 ..\obj\stm32f30x_usart.o

.debug_abbrev   0x00000000     0x2638
 .debug_abbrev  0x00000000      0x28d ..\obj\usb_core.o
 .debug_abbrev  0x0000028d       0xb0 ..\obj\startup_stm32f303.o
 .debug_abbrev  0x0000033d      0x1e5 ..\obj\stm32f30x_rcc.o
 .debug_abbrev  0x00000522      0x1a1 ..\obj\stm32f3_discovery_lsm303dlhc.o
 .debug_abbrev  0x000006c3       0x73 ..\obj\usb_desc.o
 .debug_abbrev  0x00000736      0x176 ..\obj\usb_regs.o
 .debug_abbrev  0x000008ac      0x280 ..\obj\hw_config.o
 .debug_abbrev  0x00000b2c      0x1fb ..\obj\usb_prop.o
 .debug_abbrev  0x00000d27       0xb9 ..\obj\stm32f30x_it.o
 .debug_abbrev  0x00000de0      0x198 ..\obj\stm32f30x_gpio.o
 .debug_abbrev  0x00000f78      0x131 ..\obj\usb_pwr.o
 .debug_abbrev  0x000010a9      0x120 ..\obj\usb_init.o
 .debug_abbrev  0x000011c9      0x350 ..\obj\main.o
 .debug_abbrev  0x00001519      0x17e ..\obj\stm32f30x_exti.o
 .debug_abbrev  0x00001697      0x18b ..\obj\stm32f30x_spi.o
 .debug_abbrev  0x00001822      0x180 ..\obj\stm32f30x_i2c.o
 .debug_abbrev  0x000019a2       0xbb ..\obj\usb_sil.o
 .debug_abbrev  0x00001a5d      0x147 ..\obj\stm32f30x_misc.o
 .debug_abbrev  0x00001ba4      0x189 ..\obj\stm32f30x_tim.o
 .debug_abbrev  0x00001d2d      0x1bb ..\obj\stm32f3_discovery_l3gd20.o
 .debug_abbrev  0x00001ee8      0x183 ..\obj\stm32f30x_syscfg.o
 .debug_abbrev  0x0000206b      0x2e4 ..\obj\BLDC_Control.o
 .debug_abbrev  0x0000234f      0x192 ..\obj\stm32f3_discovery.o
 .debug_abbrev  0x000024e1      0x157 ..\obj\stm32f30x_usart.o

.debug_aranges  0x00000000     0x1358
 .debug_aranges
                0x00000000       0xb0 ..\obj\usb_core.o
 .debug_aranges
                0x000000b0       0x28 ..\obj\startup_stm32f303.o
 .debug_aranges
                0x000000d8      0x150 ..\obj\stm32f30x_rcc.o
 .debug_aranges
                0x00000228       0x98 ..\obj\stm32f3_discovery_lsm303dlhc.o
 .debug_aranges
                0x000002c0       0x18 ..\obj\usb_desc.o
 .debug_aranges
                0x000002d8      0x1f0 ..\obj\usb_regs.o
 .debug_aranges
                0x000004c8       0x80 ..\obj\hw_config.o
 .debug_aranges
                0x00000548       0x98 ..\obj\usb_prop.o
 .debug_aranges
                0x000005e0       0x60 ..\obj\stm32f30x_it.o
 .debug_aranges
                0x00000640       0x80 ..\obj\stm32f30x_gpio.o
 .debug_aranges
                0x000006c0       0x40 ..\obj\usb_pwr.o
 .debug_aranges
                0x00000700       0x20 ..\obj\usb_init.o
 .debug_aranges
                0x00000720      0x190 ..\obj\main.o
 .debug_aranges
                0x000008b0       0x58 ..\obj\stm32f30x_exti.o
 .debug_aranges
                0x00000908      0x118 ..\obj\stm32f30x_spi.o
 .debug_aranges
                0x00000a20      0x168 ..\obj\stm32f30x_i2c.o
 .debug_aranges
                0x00000b88       0x30 ..\obj\usb_sil.o
 .debug_aranges
                0x00000bb8       0x40 ..\obj\stm32f30x_misc.o
 .debug_aranges
                0x00000bf8      0x3a8 ..\obj\stm32f30x_tim.o
 .debug_aranges
                0x00000fa0       0x78 ..\obj\stm32f3_discovery_l3gd20.o
 .debug_aranges
                0x00001018       0x88 ..\obj\stm32f30x_syscfg.o
 .debug_aranges
                0x000010a0       0xd0 ..\obj\BLDC_Control.o
 .debug_aranges
                0x00001170       0x48 ..\obj\stm32f3_discovery.o
 .debug_aranges
                0x000011b8      0x1a0 ..\obj\stm32f30x_usart.o

.debug_ranges   0x00000000     0x12a8
 .debug_ranges  0x00000000       0xa0 ..\obj\usb_core.o
 .debug_ranges  0x000000a0       0x18 ..\obj\startup_stm32f303.o
 .debug_ranges  0x000000b8      0x140 ..\obj\stm32f30x_rcc.o
 .debug_ranges  0x000001f8       0x88 ..\obj\stm32f3_discovery_lsm303dlhc.o
 .debug_ranges  0x00000280      0x2b8 ..\obj\usb_regs.o
 .debug_ranges  0x00000538       0x70 ..\obj\hw_config.o
 .debug_ranges  0x000005a8       0x88 ..\obj\usb_prop.o
 .debug_ranges  0x00000630       0x50 ..\obj\stm32f30x_it.o
 .debug_ranges  0x00000680       0x70 ..\obj\stm32f30x_gpio.o
 .debug_ranges  0x000006f0       0x30 ..\obj\usb_pwr.o
 .debug_ranges  0x00000720       0x10 ..\obj\usb_init.o
 .debug_ranges  0x00000730      0x180 ..\obj\main.o
 .debug_ranges  0x000008b0       0x48 ..\obj\stm32f30x_exti.o
 .debug_ranges  0x000008f8      0x108 ..\obj\stm32f30x_spi.o
 .debug_ranges  0x00000a00      0x158 ..\obj\stm32f30x_i2c.o
 .debug_ranges  0x00000b58       0x20 ..\obj\usb_sil.o
 .debug_ranges  0x00000b78       0x30 ..\obj\stm32f30x_misc.o
 .debug_ranges  0x00000ba8      0x398 ..\obj\stm32f30x_tim.o
 .debug_ranges  0x00000f40       0x68 ..\obj\stm32f3_discovery_l3gd20.o
 .debug_ranges  0x00000fa8       0x78 ..\obj\stm32f30x_syscfg.o
 .debug_ranges  0x00001020       0xc0 ..\obj\BLDC_Control.o
 .debug_ranges  0x000010e0       0x38 ..\obj\stm32f3_discovery.o
 .debug_ranges  0x00001118      0x190 ..\obj\stm32f30x_usart.o

.debug_line     0x00000000     0x6c49
 .debug_line    0x00000000      0x52f ..\obj\usb_core.o
 .debug_line    0x0000052f       0xa1 ..\obj\startup_stm32f303.o
 .debug_line    0x000005d0      0x5df ..\obj\stm32f30x_rcc.o
 .debug_line    0x00000baf      0x481 ..\obj\stm32f3_discovery_lsm303dlhc.o
 .debug_line    0x00001030      0x188 ..\obj\usb_desc.o
 .debug_line    0x000011b8      0x79a ..\obj\usb_regs.o
 .debug_line    0x00001952      0x43f ..\obj\hw_config.o
 .debug_line    0x00001d91      0x36d ..\obj\usb_prop.o
 .debug_line    0x000020fe      0x241 ..\obj\stm32f30x_it.o
 .debug_line    0x0000233f      0x37a ..\obj\stm32f30x_gpio.o
 .debug_line    0x000026b9      0x2c8 ..\obj\usb_pwr.o
 .debug_line    0x00002981      0x1ec ..\obj\usb_init.o
 .debug_line    0x00002b6d      0xb99 ..\obj\main.o
 .debug_line    0x00003706      0x2f4 ..\obj\stm32f30x_exti.o
 .debug_line    0x000039fa      0x543 ..\obj\stm32f30x_spi.o
 .debug_line    0x00003f3d      0x5be ..\obj\stm32f30x_i2c.o
 .debug_line    0x000044fb      0x212 ..\obj\usb_sil.o
 .debug_line    0x0000470d      0x295 ..\obj\stm32f30x_misc.o
 .debug_line    0x000049a2      0xce9 ..\obj\stm32f30x_tim.o
 .debug_line    0x0000568b      0x3af ..\obj\stm32f3_discovery_l3gd20.o
 .debug_line    0x00005a3a      0x2fb ..\obj\stm32f30x_syscfg.o
 .debug_line    0x00005d35      0x5b5 ..\obj\BLDC_Control.o
 .debug_line    0x000062ea      0x2e4 ..\obj\stm32f3_discovery.o
 .debug_line    0x000065ce      0x67b ..\obj\stm32f30x_usart.o

.debug_str      0x00000000     0x5ccd
 .debug_str     0x00000000      0x8dc ..\obj\usb_core.o
                                0xa64 (size before relaxing)
 .debug_str     0x000008dc       0xb0 ..\obj\startup_stm32f303.o
                                0x147 (size before relaxing)
 .debug_str     0x0000098c      0x649 ..\obj\stm32f30x_rcc.o
                                0x7f9 (size before relaxing)
 .debug_str     0x00000fd5      0x75f ..\obj\stm32f3_discovery_lsm303dlhc.o
                                0x90a (size before relaxing)
 .debug_str     0x00001734       0xda ..\obj\usb_desc.o
                                0x214 (size before relaxing)
 .debug_str     0x0000180e      0x402 ..\obj\usb_regs.o
                                0x580 (size before relaxing)
 .debug_str     0x00001c10      0x6b5 ..\obj\hw_config.o
                                0xc21 (size before relaxing)
 .debug_str     0x000022c5      0x26f ..\obj\usb_prop.o
                                0xa19 (size before relaxing)
 .debug_str     0x00002534      0x159 ..\obj\stm32f30x_it.o
                                0x2b9 (size before relaxing)
 .debug_str     0x0000268d      0x188 ..\obj\stm32f30x_gpio.o
                                0x49d (size before relaxing)
 .debug_str     0x00002815      0x118 ..\obj\usb_pwr.o
                                0x34d (size before relaxing)
 .debug_str     0x0000292d       0x5a ..\obj\usb_init.o
                                0x538 (size before relaxing)
 .debug_str     0x00002987      0xbb3 ..\obj\main.o
                               0x18af (size before relaxing)
 .debug_str     0x0000353a      0x125 ..\obj\stm32f30x_exti.o
                                0x385 (size before relaxing)
 .debug_str     0x0000365f      0x478 ..\obj\stm32f30x_spi.o
                                0x7cc (size before relaxing)
 .debug_str     0x00003ad7      0x3c9 ..\obj\stm32f30x_i2c.o
                                0x652 (size before relaxing)
 .debug_str     0x00003ea0       0x94 ..\obj\usb_sil.o
                                0x206 (size before relaxing)
 .debug_str     0x00003f34      0x104 ..\obj\stm32f30x_misc.o
                                0x3d3 (size before relaxing)
 .debug_str     0x00004038      0xc1c ..\obj\stm32f30x_tim.o
                                0xf7c (size before relaxing)
 .debug_str     0x00004c54      0x21b ..\obj\stm32f3_discovery_l3gd20.o
                                0x71e (size before relaxing)
 .debug_str     0x00004e6f      0x26e ..\obj\stm32f30x_syscfg.o
                                0x405 (size before relaxing)
 .debug_str     0x000050dd      0x408 ..\obj\BLDC_Control.o
                                0xfbf (size before relaxing)
 .debug_str     0x000054e5      0x18a ..\obj\stm32f3_discovery.o
                                0xa7a (size before relaxing)
 .debug_str     0x0000566f      0x65e ..\obj\stm32f30x_usart.o
                                0xa04 (size before relaxing)

.comment        0x00000000       0x6e
 .comment       0x00000000       0x6e ..\obj\usb_core.o
                                 0x6f (size before relaxing)
 .comment       0x0000006e       0x6f ..\obj\startup_stm32f303.o
 .comment       0x0000006e       0x6f ..\obj\stm32f30x_rcc.o
 .comment       0x0000006e       0x6f ..\obj\stm32f3_discovery_lsm303dlhc.o
 .comment       0x0000006e       0x6f ..\obj\usb_desc.o
 .comment       0x0000006e       0x6f ..\obj\usb_regs.o
 .comment       0x0000006e       0x6f ..\obj\hw_config.o
 .comment       0x0000006e       0x6f ..\obj\usb_prop.o
 .comment       0x0000006e       0x6f ..\obj\stm32f30x_it.o
 .comment       0x0000006e       0x6f ..\obj\stm32f30x_gpio.o
 .comment       0x0000006e       0x6f ..\obj\usb_pwr.o
 .comment       0x0000006e       0x6f ..\obj\usb_init.o
 .comment       0x0000006e       0x6f ..\obj\main.o
 .comment       0x0000006e       0x6f ..\obj\stm32f30x_exti.o
 .comment       0x0000006e       0x6f ..\obj\stm32f30x_spi.o
 .comment       0x0000006e       0x6f ..\obj\stm32f30x_i2c.o
 .comment       0x0000006e       0x6f ..\obj\usb_sil.o
 .comment       0x0000006e       0x6f ..\obj\stm32f30x_misc.o
 .comment       0x0000006e       0x6f ..\obj\stm32f30x_tim.o
 .comment       0x0000006e       0x6f ..\obj\stm32f3_discovery_l3gd20.o
 .comment       0x0000006e       0x6f ..\obj\stm32f30x_syscfg.o
 .comment       0x0000006e       0x6f ..\obj\BLDC_Control.o
 .comment       0x0000006e       0x6f ..\obj\stm32f3_discovery.o
 .comment       0x0000006e       0x6f ..\obj\stm32f30x_usart.o

.ARM.attributes
                0x00000000       0x33
 .ARM.attributes
                0x00000000       0x33 ..\obj\usb_core.o
 .ARM.attributes
                0x00000033       0x33 ..\obj\startup_stm32f303.o
 .ARM.attributes
                0x00000066       0x33 ..\obj\stm32f30x_rcc.o
 .ARM.attributes
                0x00000099       0x33 ..\obj\stm32f3_discovery_lsm303dlhc.o
 .ARM.attributes
                0x000000cc       0x33 ..\obj\usb_desc.o
 .ARM.attributes
                0x000000ff       0x33 ..\obj\usb_regs.o
 .ARM.attributes
                0x00000132       0x33 ..\obj\hw_config.o
 .ARM.attributes
                0x00000165       0x33 ..\obj\usb_prop.o
 .ARM.attributes
                0x00000198       0x33 ..\obj\stm32f30x_it.o
 .ARM.attributes
                0x000001cb       0x33 ..\obj\stm32f30x_gpio.o
 .ARM.attributes
                0x000001fe       0x33 ..\obj\usb_pwr.o
 .ARM.attributes
                0x00000231       0x33 ..\obj\usb_init.o
 .ARM.attributes
                0x00000264       0x33 ..\obj\main.o
 .ARM.attributes
                0x00000297       0x33 ..\obj\stm32f30x_exti.o
 .ARM.attributes
                0x000002ca       0x33 ..\obj\stm32f30x_spi.o
 .ARM.attributes
                0x000002fd       0x33 ..\obj\stm32f30x_i2c.o
 .ARM.attributes
                0x00000330       0x33 ..\obj\usb_sil.o
 .ARM.attributes
                0x00000363       0x33 ..\obj\stm32f30x_misc.o
 .ARM.attributes
                0x00000396       0x33 ..\obj\stm32f30x_tim.o
 .ARM.attributes
                0x000003c9       0x33 ..\obj\stm32f3_discovery_l3gd20.o
 .ARM.attributes
                0x000003fc       0x33 ..\obj\stm32f30x_syscfg.o
 .ARM.attributes
                0x0000042f       0x33 ..\obj\BLDC_Control.o
 .ARM.attributes
                0x00000462       0x33 ..\obj\stm32f3_discovery.o
 .ARM.attributes
                0x00000495       0x33 ..\obj\stm32f30x_usart.o
 .ARM.attributes
                0x000004c8       0x2e c:/users/tbarnes/documents/embedded wizard/stm32f7/gcc-arm-none-eabi/5.3 2016q1/bin/../lib/gcc/arm-none-eabi/5.3.1/../../../../arm-none-eabi/lib/armv7e-m\libm.a(lib_a-wf_atan2.o)
 .ARM.attributes
                0x000004f6       0x2e c:/users/tbarnes/documents/embedded wizard/stm32f7/gcc-arm-none-eabi/5.3 2016q1/bin/../lib/gcc/arm-none-eabi/5.3.1/../../../../arm-none-eabi/lib/armv7e-m\libm.a(lib_a-ef_atan2.o)
 .ARM.attributes
                0x00000524       0x2e c:/users/tbarnes/documents/embedded wizard/stm32f7/gcc-arm-none-eabi/5.3 2016q1/bin/../lib/gcc/arm-none-eabi/5.3.1/../../../../arm-none-eabi/lib/armv7e-m\libm.a(lib_a-sf_atan.o)
 .ARM.attributes
                0x00000552       0x2e c:/users/tbarnes/documents/embedded wizard/stm32f7/gcc-arm-none-eabi/5.3 2016q1/bin/../lib/gcc/arm-none-eabi/5.3.1/../../../../arm-none-eabi/lib/armv7e-m\libm.a(lib_a-sf_fabs.o)
 .ARM.attributes
                0x00000580       0x1e c:/users/tbarnes/documents/embedded wizard/stm32f7/gcc-arm-none-eabi/5.3 2016q1/bin/../lib/gcc/arm-none-eabi/5.3.1/armv7e-m\libgcc.a(_arm_addsubdf3.o)
 .ARM.attributes
                0x0000059e       0x1e c:/users/tbarnes/documents/embedded wizard/stm32f7/gcc-arm-none-eabi/5.3 2016q1/bin/../lib/gcc/arm-none-eabi/5.3.1/armv7e-m\libgcc.a(_arm_muldivdf3.o)
 .ARM.attributes
                0x000005bc       0x1e c:/users/tbarnes/documents/embedded wizard/stm32f7/gcc-arm-none-eabi/5.3 2016q1/bin/../lib/gcc/arm-none-eabi/5.3.1/armv7e-m\libgcc.a(_arm_fixdfsi.o)
 .ARM.attributes
                0x000005da       0x1e c:/users/tbarnes/documents/embedded wizard/stm32f7/gcc-arm-none-eabi/5.3 2016q1/bin/../lib/gcc/arm-none-eabi/5.3.1/armv7e-m\libgcc.a(_arm_truncdfsf2.o)
 .ARM.attributes
                0x000005f8       0x1e c:/users/tbarnes/documents/embedded wizard/stm32f7/gcc-arm-none-eabi/5.3 2016q1/bin/../lib/gcc/arm-none-eabi/5.3.1/armv7e-m\libgcc.a(_arm_addsubsf3.o)
 .ARM.attributes
                0x00000616       0x1e c:/users/tbarnes/documents/embedded wizard/stm32f7/gcc-arm-none-eabi/5.3 2016q1/bin/../lib/gcc/arm-none-eabi/5.3.1/armv7e-m\libgcc.a(_arm_muldivsf3.o)
 .ARM.attributes
                0x00000634       0x1e c:/users/tbarnes/documents/embedded wizard/stm32f7/gcc-arm-none-eabi/5.3 2016q1/bin/../lib/gcc/arm-none-eabi/5.3.1/armv7e-m\libgcc.a(_arm_cmpsf2.o)
 .ARM.attributes
                0x00000652       0x1e c:/users/tbarnes/documents/embedded wizard/stm32f7/gcc-arm-none-eabi/5.3 2016q1/bin/../lib/gcc/arm-none-eabi/5.3.1/armv7e-m\libgcc.a(_arm_fixsfsi.o)

.debug_frame    0x00000000     0x53c0
 .debug_frame   0x00000000      0x2b8 ..\obj\usb_core.o
 .debug_frame   0x000002b8       0x4c ..\obj\startup_stm32f303.o
 .debug_frame   0x00000304      0x60c ..\obj\stm32f30x_rcc.o
 .debug_frame   0x00000910      0x258 ..\obj\stm32f3_discovery_lsm303dlhc.o
 .debug_frame   0x00000b68      0x91c ..\obj\usb_regs.o
 .debug_frame   0x00001484      0x1d8 ..\obj\hw_config.o
 .debug_frame   0x0000165c      0x244 ..\obj\usb_prop.o
 .debug_frame   0x000018a0      0x10c ..\obj\stm32f30x_it.o
 .debug_frame   0x000019ac      0x214 ..\obj\stm32f30x_gpio.o
 .debug_frame   0x00001bc0       0xbc ..\obj\usb_pwr.o
 .debug_frame   0x00001c7c       0x2c ..\obj\usb_init.o
 .debug_frame   0x00001ca8      0x66c ..\obj\main.o
 .debug_frame   0x00002314      0x148 ..\obj\stm32f30x_exti.o
 .debug_frame   0x0000245c      0x508 ..\obj\stm32f30x_spi.o
 .debug_frame   0x00002964      0x69c ..\obj\stm32f30x_i2c.o
 .debug_frame   0x00003000       0x78 ..\obj\usb_sil.o
 .debug_frame   0x00003078       0xd8 ..\obj\stm32f30x_misc.o
 .debug_frame   0x00003150     0x11c4 ..\obj\stm32f30x_tim.o
 .debug_frame   0x00004314      0x1c0 ..\obj\stm32f3_discovery_l3gd20.o
 .debug_frame   0x000044d4      0x230 ..\obj\stm32f30x_syscfg.o
 .debug_frame   0x00004704      0x36c ..\obj\BLDC_Control.o
 .debug_frame   0x00004a70       0xf4 ..\obj\stm32f3_discovery.o
 .debug_frame   0x00004b64      0x7b0 ..\obj\stm32f30x_usart.o
 .debug_frame   0x00005314       0x20 c:/users/tbarnes/documents/embedded wizard/stm32f7/gcc-arm-none-eabi/5.3 2016q1/bin/../lib/gcc/arm-none-eabi/5.3.1/../../../../arm-none-eabi/lib/armv7e-m\libm.a(lib_a-wf_atan2.o)
 .debug_frame   0x00005334       0x3c c:/users/tbarnes/documents/embedded wizard/stm32f7/gcc-arm-none-eabi/5.3 2016q1/bin/../lib/gcc/arm-none-eabi/5.3.1/../../../../arm-none-eabi/lib/armv7e-m\libm.a(lib_a-ef_atan2.o)
 .debug_frame   0x00005370       0x30 c:/users/tbarnes/documents/embedded wizard/stm32f7/gcc-arm-none-eabi/5.3 2016q1/bin/../lib/gcc/arm-none-eabi/5.3.1/../../../../arm-none-eabi/lib/armv7e-m\libm.a(lib_a-sf_atan.o)
 .debug_frame   0x000053a0       0x20 c:/users/tbarnes/documents/embedded wizard/stm32f7/gcc-arm-none-eabi/5.3 2016q1/bin/../lib/gcc/arm-none-eabi/5.3.1/../../../../arm-none-eabi/lib/armv7e-m\libm.a(lib_a-sf_fabs.o)
