Archive member included because of file (symbol)

c:/program files (x86)/gnu tools arm embedded/4.9 2015q2/bin/../lib/gcc/arm-none-eabi/4.9.3/armv7e-m\libgcc.a(_arm_addsubdf3.o)
                              ..\obj\main.o (__aeabi_i2d)
c:/program files (x86)/gnu tools arm embedded/4.9 2015q2/bin/../lib/gcc/arm-none-eabi/4.9.3/armv7e-m\libgcc.a(_arm_muldivdf3.o)
                              ..\obj\main.o (__aeabi_dmul)
c:/program files (x86)/gnu tools arm embedded/4.9 2015q2/bin/../lib/gcc/arm-none-eabi/4.9.3/armv7e-m\libgcc.a(_arm_fixdfsi.o)
                              ..\obj\main.o (__aeabi_d2iz)
c:/program files (x86)/gnu tools arm embedded/4.9 2015q2/bin/../lib/gcc/arm-none-eabi/4.9.3/armv7e-m\libgcc.a(_arm_truncdfsf2.o)
                              ..\obj\main.o (__aeabi_d2f)
c:/program files (x86)/gnu tools arm embedded/4.9 2015q2/bin/../lib/gcc/arm-none-eabi/4.9.3/armv7e-m\libgcc.a(_arm_addsubsf3.o)
                              ..\obj\main.o (__aeabi_i2f)
c:/program files (x86)/gnu tools arm embedded/4.9 2015q2/bin/../lib/gcc/arm-none-eabi/4.9.3/armv7e-m\libgcc.a(_arm_muldivsf3.o)
                              ..\obj\main.o (__aeabi_fmul)
c:/program files (x86)/gnu tools arm embedded/4.9 2015q2/bin/../lib/gcc/arm-none-eabi/4.9.3/armv7e-m\libgcc.a(_arm_cmpsf2.o)
                              ..\obj\main.o (__aeabi_fcmplt)
c:/program files (x86)/gnu tools arm embedded/4.9 2015q2/bin/../lib/gcc/arm-none-eabi/4.9.3/armv7e-m\libgcc.a(_arm_fixsfsi.o)
                              ..\obj\main.o (__aeabi_f2iz)

Allocating common symbols
Common symbol       size              file

SaveRState          0x2               ..\obj\usb_int.o
HSEStartUpStatus    0x1               ..\obj\hw_config.o
SaveState           0x2               ..\obj\usb_init.o
ProtocolValue       0x4               ..\obj\usb_prop.o
Xval                0x1               ..\obj\main.o
fCosRoll            0x4               ..\obj\main.o
wIstr               0x2               ..\obj\usb_istr.o
pProperty           0x4               ..\obj\usb_init.o
EPindex             0x1               ..\obj\usb_init.o
SaveTState          0x2               ..\obj\usb_int.o
Device_Info         0x1c              ..\obj\usb_init.o
pUser_Standard_Requests
                    0x4               ..\obj\usb_init.o
fTiltedX            0x4               ..\obj\main.o
StatusInfo          0x2               ..\obj\usb_core.o
pInformation        0x4               ..\obj\usb_init.o
fSinRoll            0x4               ..\obj\main.o
ResumeS             0x2               ..\obj\usb_pwr.o
fSinPitch           0x4               ..\obj\main.o
fNormAcc            0x4               ..\obj\main.o
RCC_Clocks          0x3c              ..\obj\main.o
EXTI_InitStructure  0x8               ..\obj\hw_config.o
wInterrupt_Mask     0x2               ..\obj\usb_init.o

Discarded input sections

 .text          0x00000000        0x0 ..\obj\stm32f30x_iwdg.o
 .data          0x00000000        0x0 ..\obj\stm32f30x_iwdg.o
 .bss           0x00000000        0x0 ..\obj\stm32f30x_iwdg.o
 .text.IWDG_WriteAccessCmd
                0x00000000       0x20 ..\obj\stm32f30x_iwdg.o
 .text.IWDG_SetPrescaler
                0x00000000       0x20 ..\obj\stm32f30x_iwdg.o
 .text.IWDG_SetReload
                0x00000000       0x20 ..\obj\stm32f30x_iwdg.o
 .text.IWDG_ReloadCounter
                0x00000000       0x18 ..\obj\stm32f30x_iwdg.o
 .text.IWDG_SetWindowValue
                0x00000000       0x20 ..\obj\stm32f30x_iwdg.o
 .text.IWDG_Enable
                0x00000000       0x18 ..\obj\stm32f30x_iwdg.o
 .text.IWDG_GetFlagStatus
                0x00000000       0x38 ..\obj\stm32f30x_iwdg.o
 .debug_info    0x00000000      0x23c ..\obj\stm32f30x_iwdg.o
 .debug_abbrev  0x00000000      0x110 ..\obj\stm32f30x_iwdg.o
 .debug_aranges
                0x00000000       0x50 ..\obj\stm32f30x_iwdg.o
 .debug_ranges  0x00000000       0x40 ..\obj\stm32f30x_iwdg.o
 .debug_line    0x00000000      0x200 ..\obj\stm32f30x_iwdg.o
 .debug_str     0x00000000      0x27c ..\obj\stm32f30x_iwdg.o
 .comment       0x00000000       0x71 ..\obj\stm32f30x_iwdg.o
 .debug_frame   0x00000000      0x118 ..\obj\stm32f30x_iwdg.o
 .ARM.attributes
                0x00000000       0x33 ..\obj\stm32f30x_iwdg.o
 .text          0x00000000        0x0 ..\obj\stm32f30x_opamp.o
 .data          0x00000000        0x0 ..\obj\stm32f30x_opamp.o
 .bss           0x00000000        0x0 ..\obj\stm32f30x_opamp.o
 .text.OPAMP_DeInit
                0x00000000       0x24 ..\obj\stm32f30x_opamp.o
 .text.OPAMP_Init
                0x00000000       0x4c ..\obj\stm32f30x_opamp.o
 .text.OPAMP_StructInit
                0x00000000       0x20 ..\obj\stm32f30x_opamp.o
 .text.OPAMP_PGAConfig
                0x00000000       0x4c ..\obj\stm32f30x_opamp.o
 .text.OPAMP_VrefConfig
                0x00000000       0x44 ..\obj\stm32f30x_opamp.o
 .text.OPAMP_VrefConnectNonInvertingInput
                0x00000000       0x50 ..\obj\stm32f30x_opamp.o
 .text.OPAMP_VrefConnectADCCmd
[...]
Memory Configuration

Name             Origin             Length             Attributes
rom              0x08000000         0x00040000         xr
ram              0x20000000         0x0000a000         xrw
ram1             0x10000000         0x00002000         xrw
*default*        0x00000000         0xffffffff

Linker script and memory map

                0x2000a000                _eram = 0x2000a000

.text           0x08000000     0x2ab4
 *(.isr_vector)
 .isr_vector    0x08000000      0x188 ..\obj\startup_stm32f303.o
                0x08000000                g_pfnVectors
 *(.text*)
 .text.Default_Reset_Handler
                0x08000188       0x58 ..\obj\startup_stm32f303.o
                0x08000188                Default_Reset_Handler
                0x08000188                Reset_Handler
 .text.Default_Handler
                0x080001e0        0x8 ..\obj\startup_stm32f303.o
                0x080001e0                RTC_Alarm_IRQHandler
                0x080001e0                HASH_RNG_IRQHandler
                0x080001e0                EXTI2_IRQHandler
                0x080001e0                TIM8_CC_IRQHandler
                0x080001e0                TIM1_CC_IRQHandler
                0x080001e0                DMA2_Stream5_IRQHandler
                0x080001e0                DMA1_Stream5_IRQHandler
                0x080001e0                PVD_IRQHandler
                0x080001e0                SDIO_IRQHandler
                0x080001e0                TAMP_STAMP_IRQHandler
                0x080001e0                CAN2_RX1_IRQHandler
                0x080001e0                EXTI3_IRQHandler
                0x080001e0                TIM8_TRG_COM_TIM14_IRQHandler
                0x080001e0                TIM1_UP_TIM10_IRQHandler
                0x080001e0                TIM8_UP_TIM13_IRQHandler
                0x080001e0                I2C3_ER_IRQHandler
                0x080001e0                EXTI0_IRQHandler
                0x080001e0                I2C2_EV_IRQHandler
                0x080001e0                DMA1_Stream2_IRQHandler
                0x080001e0                CAN1_RX0_IRQHandler
                0x080001e0                FPU_IRQHandler
                0x080001e0                OTG_HS_WKUP_IRQHandler
                0x080001e0                CAN2_SCE_IRQHandler
                0x080001e0                DMA2_Stream2_IRQHandler
                0x080001e0                SPI1_IRQHandler
                0x080001e0                TIM6_DAC_IRQHandler
                0x080001e0                TIM1_BRK_TIM9_IRQHandler
                0x080001e0                DCMI_IRQHandler
                0x080001e0                CAN2_RX0_IRQHandler
                0x080001e0                DMA2_Stream3_IRQHandler
                0x080001e0                USART6_IRQHandler
                0x080001e0                USART3_IRQHandler
                0x080001e0                CRYP_IRQHandler
                0x080001e0                CAN1_RX1_IRQHandler
                0x080001e0                UART5_IRQHandler
                0x080001e0                DMA2_Stream0_IRQHandler
                0x080001e0                TIM4_IRQHandler
                0x080001e0                I2C1_EV_IRQHandler
                0x080001e0                DMA1_Stream6_IRQHandler
                0x080001e0                DMA1_Stream1_IRQHandler
                0x080001e0                UART4_IRQHandler
                0x080001e0                TIM3_IRQHandler
                0x080001e0                RCC_IRQHandler
                0x080001e0                TIM8_BRK_TIM12_IRQHandler
                0x080001e0                EXTI15_10_IRQHandler
                0x080001e0                ADC_IRQHandler
                0x080001e0                DMA1_Stream7_IRQHandler
                0x080001e0                TIM7_IRQHandler
                0x080001e0                CAN2_TX_IRQHandler
                0x080001e0                TIM5_IRQHandler
                0x080001e0                DMA2_Stream7_IRQHandler
                0x080001e0                I2C3_EV_IRQHandler
                0x080001e0                EXTI9_5_IRQHandler
                0x080001e0                RTC_WKUP_IRQHandler
                0x080001e0                ETH_WKUP_IRQHandler
                0x080001e0                SPI2_IRQHandler
                0x080001e0                OTG_HS_EP1_IN_IRQHandler
                0x080001e0                DMA1_Stream0_IRQHandler
                0x080001e0                CAN1_TX_IRQHandler
                0x080001e0                EXTI4_IRQHandler
                0x080001e0                FSMC_IRQHandler
                0x080001e0                ETH_IRQHandler
                0x080001e0                OTG_HS_EP1_OUT_IRQHandler
                0x080001e0                WWDG_IRQHandler
                0x080001e0                TIM2_IRQHandler
                0x080001e0                OTG_FS_WKUP_IRQHandler
                0x080001e0                TIM1_TRG_COM_TIM11_IRQHandler
                0x080001e0                OTG_HS_IRQHandler
                0x080001e0                EXTI1_IRQHandler
                0x080001e0                USART2_IRQHandler
                0x080001e0                I2C2_ER_IRQHandler
                0x080001e0                DMA2_Stream1_IRQHandler
                0x080001e0                CAN1_SCE_IRQHandler
                0x080001e0                FLASH_IRQHandler
                0x080001e0                DMA2_Stream4_IRQHandler
                0x080001e0                USART1_IRQHandler
                0x080001e0                OTG_FS_IRQHandler
                0x080001e0                SPI3_IRQHandler
                0x080001e0                DMA1_Stream4_IRQHandler
                0x080001e0                I2C1_ER_IRQHandler
                0x080001e0                DMA2_Stream6_IRQHandler
                0x080001e0                DMA1_Stream3_IRQHandler
 .text.RCC_GetClocksFreq
                0x080001e8      0x414 ..\obj\stm32f30x_rcc.o
                0x080001e8                RCC_GetClocksFreq
 .text.RCC_AHBPeriphClockCmd
                0x080005fc       0x3c ..\obj\stm32f30x_rcc.o
                0x080005fc                RCC_AHBPeriphClockCmd
 .text.RCC_APB2PeriphClockCmd
                0x08000638       0x3c ..\obj\stm32f30x_rcc.o
                0x08000638                RCC_APB2PeriphClockCmd
 .text.RCC_APB2PeriphResetCmd
                0x08000674       0x3c ..\obj\stm32f30x_rcc.o
                0x08000674                RCC_APB2PeriphResetCmd
 .text.RCC_APB1PeriphResetCmd
                0x080006b0       0x3c ..\obj\stm32f30x_rcc.o
                0x080006b0                RCC_APB1PeriphResetCmd
 .text.NMI_Handler
                0x080006ec        0xc ..\obj\stm32f30x_it.o
                0x080006ec                NMI_Handler
 .text.HardFault_Handler
                0x080006f8        0x8 ..\obj\stm32f30x_it.o
                0x080006f8                HardFault_Handler
 .text.MemManage_Handler
                0x08000700        0x8 ..\obj\stm32f30x_it.o
                0x08000700                MemManage_Handler
 .text.BusFault_Handler
                0x08000708        0x8 ..\obj\stm32f30x_it.o
                0x08000708                BusFault_Handler
 .text.UsageFault_Handler
                0x08000710        0x8 ..\obj\stm32f30x_it.o
                0x08000710                UsageFault_Handler
 .text.SVC_Handler
                0x08000718        0xc ..\obj\stm32f30x_it.o
                0x08000718                SVC_Handler
 .text.DebugMon_Handler
                0x08000724        0xc ..\obj\stm32f30x_it.o
                0x08000724                DebugMon_Handler
 .text.PendSV_Handler
                0x08000730        0xc ..\obj\stm32f30x_it.o
                0x08000730                PendSV_Handler
 .text.SysTick_Handler
                0x0800073c        0xc ..\obj\stm32f30x_it.o
                0x0800073c                SysTick_Handler
 .text.GPIO_Init
                0x08000748      0x128 ..\obj\stm32f30x_gpio.o
                0x08000748                GPIO_Init
 .text.GPIO_SetBits
                0x08000870       0x1c ..\obj\stm32f30x_gpio.o
                0x08000870                GPIO_SetBits
 .text.GPIO_ResetBits
                0x0800088c       0x1c ..\obj\stm32f30x_gpio.o
                0x0800088c                GPIO_ResetBits
 .text.GPIO_PinAFConfig
                0x080008a8       0x90 ..\obj\stm32f30x_gpio.o
                0x080008a8                GPIO_PinAFConfig
 .text.NVIC_SetPriority
                0x08000938       0x54 ..\obj\main.o
 .text.SysTick_Config
                0x0800098c       0x44 ..\obj\main.o
 .text.main     0x080009d0      0x1c0 ..\obj\main.o
                0x080009d0                main
 .text.init_pwm_gpio
                0x08000b90       0x64 ..\obj\main.o
                0x08000b90                init_pwm_gpio
 .text.init_pwm
                0x08000bf4      0x144 ..\obj\main.o
                0x08000bf4                init_pwm
 .text.set_pwm_width
                0x08000d38       0xac ..\obj\main.o
                0x08000d38                set_pwm_width
 .text.Demo_GyroConfig
                0x08000de4       0x48 ..\obj\main.o
                0x08000de4                Demo_GyroConfig
 .text.Demo_GyroReadAngRate
                0x08000e2c      0x15c ..\obj\main.o
                0x08000e2c                Demo_GyroReadAngRate
 .text.L3GD20_TIMEOUT_UserCallback
                0x08000f88       0x10 ..\obj\main.o
                0x08000f88                L3GD20_TIMEOUT_UserCallback
 .text.SPI_I2S_DeInit
                0x08000f98       0x74 ..\obj\stm32f30x_spi.o
                0x08000f98                SPI_I2S_DeInit
 .text.SPI_Init
                0x0800100c      0x114 ..\obj\stm32f30x_spi.o
                0x0800100c                SPI_Init
 .text.SPI_Cmd  0x08001120       0x40 ..\obj\stm32f30x_spi.o
                0x08001120                SPI_Cmd
 .text.SPI_RxFIFOThresholdConfig
                0x08001160       0x38 ..\obj\stm32f30x_spi.o
                0x08001160                SPI_RxFIFOThresholdConfig
 .text.SPI_SendData8
                0x08001198       0x2c ..\obj\stm32f30x_spi.o
                0x08001198                SPI_SendData8
 .text.SPI_ReceiveData8
                0x080011c4       0x28 ..\obj\stm32f30x_spi.o
                0x080011c4                SPI_ReceiveData8
 .text.SPI_I2S_GetFlagStatus
                0x080011ec       0x38 ..\obj\stm32f30x_spi.o
                0x080011ec                SPI_I2S_GetFlagStatus
 .text.TIM_TimeBaseInit
                0x08001224       0xec ..\obj\stm32f30x_tim.o
                0x08001224                TIM_TimeBaseInit
 .text.TIM_TimeBaseStructInit
                0x08001310       0x34 ..\obj\stm32f30x_tim.o
                0x08001310                TIM_TimeBaseStructInit
 .text.TIM_ARRPreloadConfig
                0x08001344       0x40 ..\obj\stm32f30x_tim.o
                0x08001344                TIM_ARRPreloadConfig
 .text.TIM_Cmd  0x08001384       0x40 ..\obj\stm32f30x_tim.o
                0x08001384                TIM_Cmd
 .text.TIM_OC1Init
                0x080013c4      0x124 ..\obj\stm32f30x_tim.o
                0x080013c4                TIM_OC1Init
 .text.TIM_OC2Init
                0x080014e8      0x100 ..\obj\stm32f30x_tim.o
                0x080014e8                TIM_OC2Init
 .text.TIM_OC3Init
                0x080015e8       0xfc ..\obj\stm32f30x_tim.o
                0x080015e8                TIM_OC3Init
 .text.TIM_OC4Init
                0x080016e4       0xc0 ..\obj\stm32f30x_tim.o
                0x080016e4                TIM_OC4Init
 .text.TIM_SetCompare1
                0x080017a4       0x1c ..\obj\stm32f30x_tim.o
                0x080017a4                TIM_SetCompare1
 .text.TIM_SetCompare2
                0x080017c0       0x1c ..\obj\stm32f30x_tim.o
                0x080017c0                TIM_SetCompare2
 .text.TIM_SetCompare3
                0x080017dc       0x1c ..\obj\stm32f30x_tim.o
                0x080017dc                TIM_SetCompare3
 .text.TIM_SetCompare4
                0x080017f8       0x1c ..\obj\stm32f30x_tim.o
                0x080017f8                TIM_SetCompare4
 .text.TIM_OC1PreloadConfig
                0x08001814       0x38 ..\obj\stm32f30x_tim.o
                0x08001814                TIM_OC1PreloadConfig
 .text.TIM_OC2PreloadConfig
                0x0800184c       0x3c ..\obj\stm32f30x_tim.o
                0x0800184c                TIM_OC2PreloadConfig
 .text.TIM_OC3PreloadConfig
                0x08001888       0x38 ..\obj\stm32f30x_tim.o
                0x08001888                TIM_OC3PreloadConfig
 .text.TIM_OC4PreloadConfig
                0x080018c0       0x3c ..\obj\stm32f30x_tim.o
                0x080018c0                TIM_OC4PreloadConfig
 .text.TIM_CtrlPWMOutputs
                0x080018fc       0x38 ..\obj\stm32f30x_tim.o
                0x080018fc                TIM_CtrlPWMOutputs
 .text.L3GD20_Init
                0x08001934       0x78 ..\obj\stm32f3_discovery_l3gd20.o
                0x08001934                L3GD20_Init
 .text.L3GD20_FilterConfig
                0x080019ac       0x48 ..\obj\stm32f3_discovery_l3gd20.o
                0x080019ac                L3GD20_FilterConfig
 .text.L3GD20_FilterCmd
                0x080019f4       0x40 ..\obj\stm32f3_discovery_l3gd20.o
                0x080019f4                L3GD20_FilterCmd
 .text.L3GD20_Write
                0x08001a34       0x60 ..\obj\stm32f3_discovery_l3gd20.o
                0x08001a34                L3GD20_Write
 .text.L3GD20_Read
                0x08001a94       0x6c ..\obj\stm32f3_discovery_l3gd20.o
                0x08001a94                L3GD20_Read
 .text.L3GD20_LowLevel_Init
                0x08001b00      0x150 ..\obj\stm32f3_discovery_l3gd20.o
 .text.L3GD20_SendByte
                0x08001c50       0x8c ..\obj\stm32f3_discovery_l3gd20.o
 .text          0x08001cdc      0x370 c:/program files (x86)/gnu tools arm embedded/4.9 2015q2/bin/../lib/gcc/arm-none-eabi/4.9.3/armv7e-m\libgcc.a(_arm_addsubdf3.o)
                0x08001cdc                __aeabi_drsub
                0x08001ce4                __aeabi_dsub
                0x08001ce4                __subdf3
                0x08001ce8                __aeabi_dadd
                0x08001ce8                __adddf3
                0x08001f60                __floatunsidf
                0x08001f60                __aeabi_ui2d
                0x08001f80                __floatsidf
                0x08001f80                __aeabi_i2d
                0x08001fa4                __aeabi_f2d
                0x08001fa4                __extendsfdf2
                0x08001fe0                __floatundidf
                0x08001fe0                __aeabi_ul2d
                0x08001ff0                __floatdidf
                0x08001ff0                __aeabi_l2d
 .text          0x0800204c      0x424 c:/program files (x86)/gnu tools arm embedded/4.9 2015q2/bin/../lib/gcc/arm-none-eabi/4.9.3/armv7e-m\libgcc.a(_arm_muldivdf3.o)
                0x0800204c                __aeabi_dmul
                0x0800204c                __muldf3
                0x080022a0                __divdf3
                0x080022a0                __aeabi_ddiv
 .text          0x08002470       0x50 c:/program files (x86)/gnu tools arm embedded/4.9 2015q2/bin/../lib/gcc/arm-none-eabi/4.9.3/armv7e-m\libgcc.a(_arm_fixdfsi.o)
                0x08002470                __aeabi_d2iz
                0x08002470                __fixdfsi
 .text          0x080024c0      0x21c c:/program files (x86)/gnu tools arm embedded/4.9 2015q2/bin/../lib/gcc/arm-none-eabi/4.9.3/armv7e-m\libgcc.a(_arm_addsubsf3.o)
                0x080024c0                __aeabi_frsub
                0x080024c8                __subsf3
                0x080024c8                __aeabi_fsub
                0x080024cc                __aeabi_fadd
                0x080024cc                __addsf3
                0x0800262c                __aeabi_ui2f
                0x0800262c                __floatunsisf
                0x08002634                __aeabi_i2f
                0x08002634                __floatsisf
                0x08002650                __aeabi_ul2f
                0x08002650                __floatundisf
                0x08002660                __aeabi_l2f
                0x08002660                __floatdisf
 .text          0x080026dc      0x2a0 c:/program files (x86)/gnu tools arm embedded/4.9 2015q2/bin/../lib/gcc/arm-none-eabi/4.9.3/armv7e-m\libgcc.a(_arm_muldivsf3.o)
                0x080026dc                __mulsf3
                0x080026dc                __aeabi_fmul
                0x08002844                __aeabi_fdiv
                0x08002844                __divsf3
 .text          0x0800297c       0xec c:/program files (x86)/gnu tools arm embedded/4.9 2015q2/bin/../lib/gcc/arm-none-eabi/4.9.3/armv7e-m\libgcc.a(_arm_cmpsf2.o)
                0x0800297c                __gesf2
                0x0800297c                __gtsf2
                0x08002984                __lesf2
                0x08002984                __ltsf2
                0x0800298c                __nesf2
                0x0800298c                __eqsf2
                0x0800298c                __cmpsf2
                0x080029ec                __aeabi_cfrcmple
                0x080029f4                __aeabi_cfcmpeq
                0x080029f4                __aeabi_cfcmple
                0x08002a04                __aeabi_fcmpeq
                0x08002a18                __aeabi_fcmplt
                0x08002a2c                __aeabi_fcmple
                0x08002a40                __aeabi_fcmpge
                0x08002a54                __aeabi_fcmpgt
 .text          0x08002a68       0x4c c:/program files (x86)/gnu tools arm embedded/4.9 2015q2/bin/../lib/gcc/arm-none-eabi/4.9.3/armv7e-m\libgcc.a(_arm_fixsfsi.o)
                0x08002a68                __aeabi_f2iz
                0x08002a68                __fixsfsi
 *(.init)
 *(.fini)
 *crtbegin.o(.ctors)
 *crtbegin?.o(.ctors)
 *(EXCLUDE_FILE(*crtend.o *crtend?.o) .ctors)
 *(SORT(.ctors.*))
 *(.ctors)
 *crtbegin.o(.dtors)
 *crtbegin?.o(.dtors)
 *(EXCLUDE_FILE(*crtend.o *crtend?.o) .dtors)
 *(SORT(.dtors.*))
 *(.dtors)
 *(.rodata*)
 *(.eh_fram e*)

.glue_7         0x08002ab4        0x0
 .glue_7        0x00000000        0x0 linker stubs

.glue_7t        0x08002ab4        0x0
 .glue_7t       0x00000000        0x0 linker stubs

.vfp11_veneer   0x08002ab4        0x0
 .vfp11_veneer  0x00000000        0x0 linker stubs

.v4_bx          0x08002ab4        0x0
 .v4_bx         0x00000000        0x0 linker stubs

.iplt           0x08002ab4        0x0
 .iplt          0x00000000        0x0 ..\obj\stm32f30x_iwdg.o

.rel.dyn        0x08002ab4        0x0
 .rel.iplt      0x00000000        0x0 ..\obj\stm32f30x_iwdg.o

.ARM.extab
 *(.ARM.extab* .gnu.linkonce.armextab.*)
                0x08002ab4                __exidx_start = .

.ARM.exidx
 *(.ARM.exidx* .gnu.linkonce.armexidx.*)
                0x08002ab4                __exidx_end = .
                0x08002ab4                __etext = .
                0x08002ab4                _sidata = __etext

.data           0x20000000       0x30 load address 0x08002ab4
                0x20000000                __data_start__ = .
                0x20000000                _sdata = __data_start__
 *(vtable)
 *(.data*)
 .data          0x20000000       0x2a ..\obj\stm32f30x_rcc.o
 *fill*         0x2000002a        0x2 
 .data          0x2000002c        0x4 ..\obj\stm32f3_discovery_l3gd20.o
                0x2000002c                L3GD20Timeout
                0x20000030                . = ALIGN (0x4)
                0x20000030                PROVIDE (__preinit_array_start, .)
 *(.preinit_array)
                0x20000030                PROVIDE (__preinit_array_end, .)
                0x20000030                . = ALIGN (0x4)
                0x20000030                PROVIDE (__init_array_start, .)
 *(SORT(.init_array.*))
 *(.init_array)
                0x20000030                PROVIDE (__init_array_end, .)
                0x20000030                . = ALIGN (0x4)
                0x20000030                PROVIDE (__fini_array_start, .)
 *(SORT(.fini_array.*))
 *(.fini_array)
                0x20000030                PROVIDE (__fini_array_end, .)
 *(.jcr*)
                0x20000030                . = ALIGN (0x4)
                0x20000030                __data_end__ = .
                0x20000030                _edata = __data_end__

.igot.plt       0x20000030        0x0 load address 0x08002ae4
 .igot.plt      0x00000000        0x0 ..\obj\stm32f30x_iwdg.o

.bss            0x20000030       0x98 load address 0x08002ae4
                0x20000030                . = ALIGN (0x4)
                0x20000030                __bss_start__ = .
                0x20000030                _sbss = __bss_start__
 *(.bss*)
 .bss           0x20000030       0x44 ..\obj\main.o
                0x20000030                TimingDelay
                0x20000034                UserButtonPressed
                0x20000038                HeadingValue
                0x2000003c                MagBuffer
                0x20000048                AccBuffer
                0x20000054                Buffer
                0x20000060                Yval
                0x20000061                DataReady
                0x20000064                fCosPitch
                0x20000068                RollAng
                0x2000006c                PitchAng
                0x20000070                fTiltedY
 *(COMMON)
 COMMON         0x20000074       0x54 ..\obj\main.o
                0x20000074                Xval
                0x20000078                fCosRoll
                0x2000007c                fTiltedX
                0x20000080                fSinRoll
                0x20000084                fSinPitch
                0x20000088                fNormAcc
                0x2000008c                RCC_Clocks
                0x200000c8                . = ALIGN (0x4)
                0x200000c8                __bss_end__ = .
                0x200000c8                _ebss = __bss_end__

.heap           0x200000c8        0x0
                0x200000c8                __end__ = .
                0x200000c8                _end = __end__
                0x200000c8                end = __end__
 *(.heap*)
                0x200000c8                __HeapLimit = .

.co_stack       0x200000c8      0x800 load address 0x08002b7c
                0x200000c8                . = ALIGN (0x8)
 *(.co_stack .co_stack.*)
 .co_stack      0x200000c8      0x800 ..\obj\startup_stm32f303.o
                0x200000c8                pulStack
                0x2000a000                __StackTop = (ORIGIN (ram) + 0xa000)
                0x20009800                __StackLimit = (__StackTop - SIZEOF (.co_stack))
                0x2000a000                PROVIDE (__stack, __StackTop)
                0x00000001                ASSERT ((__StackLimit >= __HeapLimit), region ram  overflowed with stack)
LOAD ..\obj\stm32f30x_iwdg.o
LOAD ..\obj\stm32f30x_opamp.o
LOAD ..\obj\usb_core.o
LOAD ..\obj\stm32f30x_crc.o
LOAD ..\obj\startup_stm32f303.o
LOAD ..\obj\stm32f30x_rcc.o
LOAD ..\obj\stm32f3_discovery_lsm303dlhc.o
LOAD ..\obj\stm32f30x_flash.o
LOAD ..\obj\system_stm32f30x.o
LOAD ..\obj\stm32f30x_adc.o
LOAD ..\obj\usb_int.o
LOAD ..\obj\usb_desc.o
LOAD ..\obj\usb_regs.o
LOAD ..\obj\hw_config.o
LOAD ..\obj\usb_prop.o
LOAD ..\obj\stm32f30x_it.o
LOAD ..\obj\stm32f30x_comp.o
LOAD ..\obj\stm32f30x_gpio.o
LOAD ..\obj\usb_pwr.o
LOAD ..\obj\usb_init.o
LOAD ..\obj\main.o
LOAD ..\obj\stm32f30x_dma.o
LOAD ..\obj\stm32f30x_exti.o
LOAD ..\obj\stm32f30x_spi.o
LOAD ..\obj\stm32f30x_i2c.o
LOAD ..\obj\usb_sil.o
LOAD ..\obj\stm32f30x_rtc.o
LOAD ..\obj\stm32f30x_misc.o
LOAD ..\obj\stm32f30x_tim.o
LOAD ..\obj\stm32f3_discovery_l3gd20.o
LOAD ..\obj\stm32f30x_dbgmcu.o
LOAD ..\obj\usb_endp.o
LOAD ..\obj\stm32f30x_syscfg.o
LOAD ..\obj\stm32f30x_pwr.o
LOAD ..\obj\stm32f30x_wwdg.o
LOAD ..\obj\stm32f30x_can.o
LOAD ..\obj\usb_mem.o
LOAD ..\obj\stm32f3_discovery.o
LOAD ..\obj\stm32f30x_dac.o
LOAD ..\obj\usb_istr.o
LOAD ..\obj\stm32f30x_usart.o
LOAD c:/program files (x86)/gnu tools arm embedded/4.9 2015q2/bin/../lib/gcc/arm-none-eabi/4.9.3/../../../../arm-none-eabi/lib/armv7e-m\libm.a
START GROUP
LOAD c:/program files (x86)/gnu tools arm embedded/4.9 2015q2/bin/../lib/gcc/arm-none-eabi/4.9.3/armv7e-m\libgcc.a
LOAD c:/program files (x86)/gnu tools arm embedded/4.9 2015q2/bin/../lib/gcc/arm-none-eabi/4.9.3/../../../../arm-none-eabi/lib/armv7e-m\libg.a
LOAD c:/program files (x86)/gnu tools arm embedded/4.9 2015q2/bin/../lib/gcc/arm-none-eabi/4.9.3/../../../../arm-none-eabi/lib/armv7e-m\libc.a
END GROUP
OUTPUT(Test_STM32F303.elf elf32-littlearm)

.debug_info     0x00000000     0x58bf
 .debug_info    0x00000000       0xed ..\obj\startup_stm32f303.o
 .debug_info    0x000000ed      0xaac ..\obj\stm32f30x_rcc.o
 .debug_info    0x00000b99      0x14f ..\obj\stm32f30x_it.o
 .debug_info    0x00000ce8      0x5fa ..\obj\stm32f30x_gpio.o
 .debug_info    0x000012e2     0x1120 ..\obj\main.o
 .debug_info    0x00002402      0xb72 ..\obj\stm32f30x_spi.o
 .debug_info    0x00002f74     0x2184 ..\obj\stm32f30x_tim.o
 .debug_info    0x000050f8      0x7c7 ..\obj\stm32f3_discovery_l3gd20.o

.debug_abbrev   0x00000000      0xc3d
 .debug_abbrev  0x00000000       0xb0 ..\obj\startup_stm32f303.o
 .debug_abbrev  0x000000b0      0x1e3 ..\obj\stm32f30x_rcc.o
 .debug_abbrev  0x00000293       0x67 ..\obj\stm32f30x_it.o
 .debug_abbrev  0x000002fa      0x194 ..\obj\stm32f30x_gpio.o
 .debug_abbrev  0x0000048e      0x2e8 ..\obj\main.o
 .debug_abbrev  0x00000776      0x189 ..\obj\stm32f30x_spi.o
 .debug_abbrev  0x000008ff      0x187 ..\obj\stm32f30x_tim.o
 .debug_abbrev  0x00000a86      0x1b7 ..\obj\stm32f3_discovery_l3gd20.o

.debug_aranges  0x00000000      0x818
 .debug_aranges
                0x00000000       0x28 ..\obj\startup_stm32f303.o
 .debug_aranges
                0x00000028      0x150 ..\obj\stm32f30x_rcc.o
 .debug_aranges
                0x00000178       0x60 ..\obj\stm32f30x_it.o
 .debug_aranges
                0x000001d8       0x80 ..\obj\stm32f30x_gpio.o
 .debug_aranges
                0x00000258       0x88 ..\obj\main.o
 .debug_aranges
                0x000002e0      0x118 ..\obj\stm32f30x_spi.o
 .debug_aranges
                0x000003f8      0x3a8 ..\obj\stm32f30x_tim.o
 .debug_aranges
                0x000007a0       0x78 ..\obj\stm32f3_discovery_l3gd20.o

.debug_ranges   0x00000000      0x798
 .debug_ranges  0x00000000       0x18 ..\obj\startup_stm32f303.o
 .debug_ranges  0x00000018      0x140 ..\obj\stm32f30x_rcc.o
 .debug_ranges  0x00000158       0x50 ..\obj\stm32f30x_it.o
 .debug_ranges  0x000001a8       0x70 ..\obj\stm32f30x_gpio.o
 .debug_ranges  0x00000218       0x78 ..\obj\main.o
 .debug_ranges  0x00000290      0x108 ..\obj\stm32f30x_spi.o
 .debug_ranges  0x00000398      0x398 ..\obj\stm32f30x_tim.o
 .debug_ranges  0x00000730       0x68 ..\obj\stm32f3_discovery_l3gd20.o

.debug_line     0x00000000     0x22ee
 .debug_line    0x00000000       0x91 ..\obj\startup_stm32f303.o
 .debug_line    0x00000091      0x55f ..\obj\stm32f30x_rcc.o
 .debug_line    0x000005f0      0x1e0 ..\obj\stm32f30x_it.o
 .debug_line    0x000007d0      0x2f1 ..\obj\stm32f30x_gpio.o
 .debug_line    0x00000ac1      0x402 ..\obj\main.o
 .debug_line    0x00000ec3      0x4c1 ..\obj\stm32f30x_spi.o
 .debug_line    0x00001384      0xc29 ..\obj\stm32f30x_tim.o
 .debug_line    0x00001fad      0x341 ..\obj\stm32f3_discovery_l3gd20.o

.debug_str      0x00000000     0x290c
 .debug_str     0x00000000      0x125 ..\obj\startup_stm32f303.o
                                0x137 (size before relaxing)
 .debug_str     0x00000125      0x6ce ..\obj\stm32f30x_rcc.o
                                0x7e9 (size before relaxing)
 .debug_str     0x000007f3       0xf4 ..\obj\stm32f30x_it.o
                                0x228 (size before relaxing)
 .debug_str     0x000008e7      0x312 ..\obj\stm32f30x_gpio.o
                                0x48d (size before relaxing)
 .debug_str     0x00000bf9      0xa5b ..\obj\main.o
                                0xf04 (size before relaxing)
 .debug_str     0x00001654      0x499 ..\obj\stm32f30x_spi.o
                                0x7bc (size before relaxing)
 .debug_str     0x00001aed      0xbde ..\obj\stm32f30x_tim.o
                                0xf6c (size before relaxing)
 .debug_str     0x000026cb      0x241 ..\obj\stm32f3_discovery_l3gd20.o
                                0x70e (size before relaxing)

.comment        0x00000000       0x70
 .comment       0x00000000       0x70 ..\obj\startup_stm32f303.o
                                 0x71 (size before relaxing)
 .comment       0x00000000       0x71 ..\obj\stm32f30x_rcc.o
 .comment       0x00000000       0x71 ..\obj\stm32f30x_it.o
 .comment       0x00000000       0x71 ..\obj\stm32f30x_gpio.o
 .comment       0x00000000       0x71 ..\obj\main.o
 .comment       0x00000000       0x71 ..\obj\stm32f30x_spi.o
 .comment       0x00000000       0x71 ..\obj\stm32f30x_tim.o
 .comment       0x00000000       0x71 ..\obj\stm32f3_discovery_l3gd20.o

.ARM.attributes
                0x00000000       0x33
 .ARM.attributes
                0x00000000       0x33 ..\obj\startup_stm32f303.o
 .ARM.attributes
                0x00000033       0x33 ..\obj\stm32f30x_rcc.o
 .ARM.attributes
                0x00000066       0x33 ..\obj\stm32f30x_it.o
 .ARM.attributes
                0x00000099       0x33 ..\obj\stm32f30x_gpio.o
 .ARM.attributes
                0x000000cc       0x33 ..\obj\main.o
 .ARM.attributes
                0x000000ff       0x33 ..\obj\stm32f30x_spi.o
 .ARM.attributes
                0x00000132       0x33 ..\obj\stm32f30x_tim.o
 .ARM.attributes
                0x00000165       0x33 ..\obj\stm32f3_discovery_l3gd20.o
 .ARM.attributes
                0x00000198       0x1e c:/program files (x86)/gnu tools arm embedded/4.9 2015q2/bin/../lib/gcc/arm-none-eabi/4.9.3/armv7e-m\libgcc.a(_arm_addsubdf3.o)
 .ARM.attributes
                0x000001b6       0x1e c:/program files (x86)/gnu tools arm embedded/4.9 2015q2/bin/../lib/gcc/arm-none-eabi/4.9.3/armv7e-m\libgcc.a(_arm_muldivdf3.o)
 .ARM.attributes
                0x000001d4       0x1e c:/program files (x86)/gnu tools arm embedded/4.9 2015q2/bin/../lib/gcc/arm-none-eabi/4.9.3/armv7e-m\libgcc.a(_arm_fixdfsi.o)
 .ARM.attributes
                0x000001f2       0x1e c:/program files (x86)/gnu tools arm embedded/4.9 2015q2/bin/../lib/gcc/arm-none-eabi/4.9.3/armv7e-m\libgcc.a(_arm_addsubsf3.o)
 .ARM.attributes
                0x00000210       0x1e c:/program files (x86)/gnu tools arm embedded/4.9 2015q2/bin/../lib/gcc/arm-none-eabi/4.9.3/armv7e-m\libgcc.a(_arm_muldivsf3.o)
 .ARM.attributes
                0x0000022e       0x1e c:/program files (x86)/gnu tools arm embedded/4.9 2015q2/bin/../lib/gcc/arm-none-eabi/4.9.3/armv7e-m\libgcc.a(_arm_cmpsf2.o)
 .ARM.attributes
                0x0000024c       0x1e c:/program files (x86)/gnu tools arm embedded/4.9 2015q2/bin/../lib/gcc/arm-none-eabi/4.9.3/armv7e-m\libgcc.a(_arm_fixsfsi.o)

.debug_frame    0x00000000     0x2414
 .debug_frame   0x00000000       0x4c ..\obj\startup_stm32f303.o
 .debug_frame   0x0000004c      0x60c ..\obj\stm32f30x_rcc.o
 .debug_frame   0x00000658      0x110 ..\obj\stm32f30x_it.o
 .debug_frame   0x00000768      0x214 ..\obj\stm32f30x_gpio.o
 .debug_frame   0x0000097c      0x20c ..\obj\main.o
 .debug_frame   0x00000b88      0x508 ..\obj\stm32f30x_spi.o
 .debug_frame   0x00001090     0x11c4 ..\obj\stm32f30x_tim.o
 .debug_frame   0x00002254      0x1c0 ..\obj\stm32f3_discovery_l3gd20.o
